Microchip MPLAB XC8 Compiler V1.45 ()

Linker command line:

-W-3 --edf=/Applications/microchip/xc8/v1.45/dat/en_msgs.txt -cs \
  -h+dist/default/production/RemoteFinal.X.production.sym \
  --cmf=dist/default/production/RemoteFinal.X.production.cmf -z -Q18F25K22 \
  -o/tmp/xciLABOTo -Mdist/default/production/RemoteFinal.X.production.map \
  -E1 -ver=XC8 -ASTACK=0E9h-05ffh -pstack=STACK -ACODE=00h-07FFFh \
  -ACONST=00h-07FFFh -ASMALLCONST=0600h-06FFhx122 \
  -AMEDIUMCONST=0600h-07FFFh -ACOMRAM=01h-05Fh -AABS1=00h-05FFh \
  -ABIGRAM=01h-05FFh -ARAM=060h-0FFh,0100h-01FFhx5 -ABANK0=060h-0FFh \
  -ABANK1=0100h-01FFh -ABANK2=0200h-02FFh -ABANK3=0300h-03FFh \
  -ABANK4=0400h-04FFh -ABANK5=0500h-05FFh -ASFR=0F38h-0F5Fh,0F60h-0FFFh \
  -preset_vec=00h,intcode=08h,intcodelo,powerup,init -pramtop=0600h \
  -psmallconst=SMALLCONST -pmediumconst=MEDIUMCONST -pconst=CONST \
  -AFARRAM=00h-00h -ACONFIG=0300000h-030000Dh -pconfig=CONFIG \
  -AIDLOC=0200000h-0200007h -pidloc=IDLOC -AEEDATA=0F00000h-0F000FFh \
  -peeprom_data=EEDATA \
  -prdata=COMRAM,nvrram=COMRAM,nvbit=COMRAM,rbss=COMRAM,rbit=COMRAM \
  -pfarbss=FARRAM,fardata=FARRAM,nvFARRAM=FARRAM \
  -pintsave_regs=BIGRAM,bigbss=BIGRAM,bigdata=BIGRAM -pbss=RAM \
  -pidata=CODE,irdata=CODE,ibigdata=CODE,ifardata=CODE -prparam=COMRAM \
  /tmp/xc0TLuOvT.obj dist/default/production/RemoteFinal.X.production.obj 

Object code version is 3.11

Machine type is 18F25K22

Call graph: (short form)




                Name                               Link     Load   Length Selector   Space Scale
/tmp/xc0TLuOvT.obj
                init                                102      102        4        4       0
                reset_vec                             0        0        4        0       0
                idloc                            200000   200000        8   200000       0
                config                           300000   300000        E   300000       0
dist/default/production/RemoteFinal.X.production.obj
                intcode                               8        8       FA        4       0
                temp                                 4B       4B        1        1       1
                smallconst                          600      600        6      300       0
                text97                              E8A      E8A       2C      303       0
                text96                              E5C      E5C       2E      303       0
                text95                             123E     123E        4      303       0
                text94                             11F4     11F4        6      303       0
                text93                             11EE     11EE        6      303       0
                text92                             123A     123A        4      303       0
                text91                             1236     1236        4      303       0
                text90                             1232     1232        4      303       0
                text89                             122E     122E        4      303       0
                text88                             122A     122A        4      303       0
                text87                             1244     1244        2      303       0
                text86                             11E8     11E8        6      303       0
                text85                             1226     1226        4      303       0
                text84                             11D4     11D4        8      303       0
                text83                              FE0      FE0       16      303       0
                text82                             1222     1222        4      303       0
                text81                             1120     1120        E      303       0
                text80                             1092     1092       10      303       0
                text79                             113A     113A        C      303       0
                text78                             11CC     11CC        8      303       0
                text77                             11C4     11C4        8      303       0
                text76                             11BC     11BC        8      303       0
                text75                             11B4     11B4        8      303       0
                text74                             1082     1082       10      303       0
                text73                             1072     1072       10      303       0
                text72                             1062     1062       10      303       0
                text71                             112E     112E        C      303       0
                text70                             11AC     11AC        8      303       0
                text69                             11A4     11A4        8      303       0
                text68                             119C     119C        8      303       0
                text67                              D34      D34       48      303       0
                text66                              8C6      8C6       90      303       0
                text65                              9D0      9D0       74      303       0
                text64                              B0E      B0E       58      303       0
                text63                             121E     121E        4      303       0
                text62                              CEC      CEC       48      303       0
                text60                             121A     121A        4      303       0
                text59                             1216     1216        4      303       0
                text58                              F0A      F0A       1E      303       0
                text57                             1212     1212        4      303       0
                text56                             11E2     11E2        6      303       0
                text55                             120E     120E        4      303       0
                text54                             120A     120A        4      303       0
                text53                             1182     1182        A      303       0
                text52                             1178     1178        A      303       0
                text51                             1206     1206        4      303       0
                text50                             1242     1242        2      303       0
                text49                             11DC     11DC        6      303       0
                text48                             1202     1202        4      303       0
                text47                             1194     1194        8      303       0
                text46                              FCA      FCA       16      303       0
                text45                             11FE     11FE        4      303       0
                text44                              FF6      FF6       14      303       0
                text43                              FB4      FB4       16      303       0
                text42                             1040     1040       12      303       0
                text41                             1112     1112        E      303       0
                text40                             1104     1104        E      303       0
                text39                             10F6     10F6        E      303       0
                text38                             10E8     10E8        E      303       0
                text37                              F9E      F9E       16      303       0
                text36                              F88      F88       16      303       0
                text35                              F72      F72       16      303       0
                text34                             102E     102E       12      303       0
                text33                             10DA     10DA        E      303       0
                text32                             10CC     10CC        E      303       0
                text31                             10BE     10BE        E      303       0
                text30                              C0A      C0A       4E      303       0
                text29                              79E      79E       96      303       0
                text28                              956      956       7A      303       0
                text27                              AB0      AB0       5E      303       0
                text26                              BBC      BBC       4E      303       0
                text25                             101C     101C       12      303       0
                text24                              F42      F42       1A      303       0
                text23                             1052     1052       10      303       0
                text22                              CA4      CA4       48      303       0
                text21                             10B0     10B0        E      303       0
                text20                              F5C      F5C       16      303       0
                text19                             116E     116E        A      303       0
                text18                             1164     1164        A      303       0
                text17                              704      704       9A      303       0
                text16                              F28      F28       1A      303       0
                text15                              E2E      E2E       2E      303       0
                text14                             118C     118C        8      303       0
                text13                              DFC      DFC       32      303       0
                text12                              A44      A44       6C      303       0
                text11                             115A     115A        A      303       0
                text10                             1150     1150        A      303       0
                text9                               C58      C58       4C      303       0
                text8                              11FA     11FA        4      303       0
                text7                              10A2     10A2        E      303       0
                text6                               EE0      EE0       2A      303       0
                text5                              100A     100A       12      303       0
                text4                               DC2      DC2       3A      303       0
                text3                              1146     1146        A      303       0
                text2                               EB6      EB6       2A      303       0
                text1                               834      834       92      303       0
                text0                               606      606       FE      303       0
                cstackCOMRAM                         26       26       20        1       1
                cstackBANK0                          DB       DB        E       60       1
                dataBANK0                            60       60       56       60       1
                bssBANK0                             B6       B6       25       60       1
                bssCOMRAM                             1        1       25        1       1
                cinit                               D7C      D7C       46      303       0
                nvCOMRAM                             46       46        5        1       1
                idataBANK0                          B66      B66       56      303       0

TOTAL           Name                               Link     Load   Length     Space
        CLASS   STACK          

        CLASS   CODE           
                intcode                               8        8       FA         0
                init                                102      102        4         0
                reset_vec                             0        0        4         0
                text97                              E8A      E8A       2C         0
                text96                              E5C      E5C       2E         0
                text95                             123E     123E        4         0
                text94                             11F4     11F4        6         0
                text93                             11EE     11EE        6         0
                text92                             123A     123A        4         0
                text91                             1236     1236        4         0
                text90                             1232     1232        4         0
                text89                             122E     122E        4         0
                text88                             122A     122A        4         0
                text87                             1244     1244        2         0
                text86                             11E8     11E8        6         0
                text85                             1226     1226        4         0
                text84                             11D4     11D4        8         0
                text83                              FE0      FE0       16         0
                text82                             1222     1222        4         0
                text81                             1120     1120        E         0
                text80                             1092     1092       10         0
                text79                             113A     113A        C         0
                text78                             11CC     11CC        8         0
                text77                             11C4     11C4        8         0
                text76                             11BC     11BC        8         0
                text75                             11B4     11B4        8         0
                text74                             1082     1082       10         0
                text73                             1072     1072       10         0
                text72                             1062     1062       10         0
                text71                             112E     112E        C         0
                text70                             11AC     11AC        8         0
                text69                             11A4     11A4        8         0
                text68                             119C     119C        8         0
                text67                              D34      D34       48         0
                text66                              8C6      8C6       90         0
                text65                              9D0      9D0       74         0
                text64                              B0E      B0E       58         0
                text63                             121E     121E        4         0
                text62                              CEC      CEC       48         0
                text60                             121A     121A        4         0
                text59                             1216     1216        4         0
                text58                              F0A      F0A       1E         0
                text57                             1212     1212        4         0
                text56                             11E2     11E2        6         0
                text55                             120E     120E        4         0
                text54                             120A     120A        4         0
                text53                             1182     1182        A         0
                text52                             1178     1178        A         0
                text51                             1206     1206        4         0
                text50                             1242     1242        2         0
                text49                             11DC     11DC        6         0
                text48                             1202     1202        4         0
                text47                             1194     1194        8         0
                text46                              FCA      FCA       16         0
                text45                             11FE     11FE        4         0
                text44                              FF6      FF6       14         0
                text43                              FB4      FB4       16         0
                text42                             1040     1040       12         0
                text41                             1112     1112        E         0
                text40                             1104     1104        E         0
                text39                             10F6     10F6        E         0
                text38                             10E8     10E8        E         0
                text37                              F9E      F9E       16         0
                text36                              F88      F88       16         0
                text35                              F72      F72       16         0
                text34                             102E     102E       12         0
                text33                             10DA     10DA        E         0
                text32                             10CC     10CC        E         0
                text31                             10BE     10BE        E         0
                text30                              C0A      C0A       4E         0
                text29                              79E      79E       96         0
                text28                              956      956       7A         0
                text27                              AB0      AB0       5E         0
                text26                              BBC      BBC       4E         0
                text25                             101C     101C       12         0
                text24                              F42      F42       1A         0
                text23                             1052     1052       10         0
                text22                              CA4      CA4       48         0
                text21                             10B0     10B0        E         0
                text20                              F5C      F5C       16         0
                text19                             116E     116E        A         0
                text18                             1164     1164        A         0
                text17                              704      704       9A         0
                text16                              F28      F28       1A         0
                text15                              E2E      E2E       2E         0
                text14                             118C     118C        8         0
                text13                              DFC      DFC       32         0
                text12                              A44      A44       6C         0
                text11                             115A     115A        A         0
                text10                             1150     1150        A         0
                text9                               C58      C58       4C         0
                text8                              11FA     11FA        4         0
                text7                              10A2     10A2        E         0
                text6                               EE0      EE0       2A         0
                text5                              100A     100A       12         0
                text4                               DC2      DC2       3A         0
                text3                              1146     1146        A         0
                text2                               EB6      EB6       2A         0
                text1                               834      834       92         0
                text0                               606      606       FE         0
                cinit                               D7C      D7C       46         0
                idataBANK0                          B66      B66       56         0

        CLASS   CONST          

        CLASS   SMALLCONST     
                smallconst                          600      600        6         0

        CLASS   MEDIUMCONST    

        CLASS   COMRAM         
                temp                                 4B       4B        1         1
                cstackCOMRAM                         26       26       20         1
                bssCOMRAM                             1        1       25         1
                nvCOMRAM                             46       46        5         1

        CLASS   ABS1           

        CLASS   BIGRAM         

        CLASS   RAM            

        CLASS   BANK0          
                cstackBANK0                          DB       DB        E         1
                dataBANK0                            60       60       56         1
                bssBANK0                             B6       B6       25         1

        CLASS   BANK1          

        CLASS   BANK2          

        CLASS   BANK3          

        CLASS   BANK4          

        CLASS   BANK5          

        CLASS   SFR            

        CLASS   FARRAM         

        CLASS   CONFIG         
                config                           300000   300000        E         0

        CLASS   IDLOC          
                idloc                            200000   200000        8         0

        CLASS   EEDATA         



SEGMENTS        Name                           Load    Length   Top    Selector   Space  Class

                reset_vec                      000000  000004  000004         0       0  CODE    
                bssCOMRAM                      000001  00004B  00004C         1       1  COMRAM  
                intcode                        000008  0000FE  000106         4       0  CODE    
                dataBANK0                      000060  000089  0000E9        60       1  BANK0   
                smallconst                     000600  000006  000606       300       0  SMALLCON
                text0                          000606  000C40  001246       303       0  CODE    
                idloc                          200000  000008  200008    200000       0  IDLOC   
                config                         300000  00000E  30000E    300000       0  CONFIG  


UNUSED ADDRESS RANGES

        Name                Unused          Largest block    Delta
        BANK0            0000E9-0000FF               17
        BANK1            000100-0001FF              100
        BANK2            000200-0002FF              100
        BANK3            000300-0003FF              100
        BANK4            000400-0004FF              100
        BANK5            000500-0005FF              100
        BIGRAM           00004C-00005F               14
                         0000E9-0005FF              517
        CODE             000004-000007                4
                         000106-0005FF              4FA
                         001246-007FFF             6DBA
        COMRAM           00004C-00005F               14
        CONST            000004-000007                4
                         000106-0005FF              4FA
                         001246-007FFF             6DBA
        EEDATA           F00000-F000FF              100
        MEDIUMCONST      001246-007FFF             6DBA
        RAM              0000E9-0005FF              100
        SFR              000F38-000FFF               28
        SMALLCONST       001246-007FFF              100
        STACK            0000E9-0005FF              517

                                  Symbol Table

?_printf                                 cstackCOMRAM 00003C
?_read_xyzvalues                         cstackCOMRAM 000040
EUSART1_SetRxInterruptHandler@handler    cstackCOMRAM 00003A
EUSART1_SetTxInterruptHandler@handler    cstackCOMRAM 00003A
EUSART1_Write@txData                     cstackCOMRAM 00003A
_ACCELEROMETER_Initialize                text12       000A44
_ANSELA                                  (abs)        000F38
_ANSELB                                  (abs)        000F39
_ANSELC                                  (abs)        000F3A
_BAUDCON1                                (abs)        000FB8
_EUSART1_Initialize                      text9        000C58
_EUSART1_Receive_ISR                     text97       000E8A
_EUSART1_RxDefaultInterruptHandler       nvCOMRAM     000046
_EUSART1_SetRxInterruptHandler           text11       00115A
_EUSART1_SetTxInterruptHandler           text10       001150
_EUSART1_Transmit_ISR                    text96       000E5C
_EUSART1_TxDefaultInterruptHandler       nvCOMRAM     000048
_EUSART1_Write                           text4        000DC2
_INTCON2bits                             (abs)        000FF1
_INTCONbits                              (abs)        000FF2
_INTERRUPT_Initialize                    text8        0011FA
_INTERRUPT_InterruptManager              intcode      000008
_LATA                                    (abs)        000F89
_LATB                                    (abs)        000F8A
_LATC                                    (abs)        000F8B
_OSCCON                                  (abs)        000FD3
_OSCCON2                                 (abs)        000FD2
_OSCILLATOR_Initialize                   text7        0010A2
_OSCTUNE                                 (abs)        000F9B
_PIE1bits                                (abs)        000F9D
_PIE2bits                                (abs)        000FA0
_PIN_MANAGER_Initialize                  text6        000EE0
_PIR1bits                                (abs)        000F9E
_PIR2bits                                (abs)        000FA1
_RCONbits                                (abs)        000FD0
_RCREG1                                  (abs)        000FAE
_RCSTA1                                  (abs)        000FAB
_RCSTA1bits                              (abs)        000FAB
_SPBRG1                                  (abs)        000FAF
_SPBRGH1                                 (abs)        000FB0
_SSP1ADD                                 (abs)        000FC8
_SSP1BUF                                 (abs)        000FC9
_SSP1CON1                                (abs)        000FC6
_SSP1CON1bits                            (abs)        000FC6
_SSP1CON2                                (abs)        000FC5
_SSP1CON2bits                            (abs)        000FC5
_SSP1MSK                                 (abs)        000FCA
_SSP1STAT                                (abs)        000FC7
_SSP1STATbits                            (abs)        000FC7
_SYSTEM_Initialize                       text5        00100A
_TRISA                                   (abs)        000F92
_TRISB                                   (abs)        000F93
_TRISC                                   (abs)        000F94
_TXREG1                                  (abs)        000FAD
_TXSTA1                                  (abs)        000FAC
_TXSTA1bits                              (abs)        000FAC
_WPUB                                    (abs)        000F61
__CFG_BOREN$SBORDIS                      (abs)        000000
__CFG_BORV$190                           (abs)        000000
__CFG_CCP2MX$PORTC1                      (abs)        000000
__CFG_CCP3MX$PORTB5                      (abs)        000000
__CFG_CP0$OFF                            (abs)        000000
__CFG_CP1$OFF                            (abs)        000000
__CFG_CP2$OFF                            (abs)        000000
__CFG_CP3$OFF                            (abs)        000000
__CFG_CPB$OFF                            (abs)        000000
__CFG_CPD$OFF                            (abs)        000000
__CFG_DEBUG$OFF                          (abs)        000000
__CFG_EBTR0$OFF                          (abs)        000000
__CFG_EBTR1$OFF                          (abs)        000000
__CFG_EBTR2$OFF                          (abs)        000000
__CFG_EBTR3$OFF                          (abs)        000000
__CFG_EBTRB$OFF                          (abs)        000000
__CFG_FCMEN$OFF                          (abs)        000000
__CFG_FOSC$INTIO67                       (abs)        000000
__CFG_HFOFST$ON                          (abs)        000000
__CFG_IESO$OFF                           (abs)        000000
__CFG_LVP$ON                             (abs)        000000
__CFG_MCLRE$EXTMCLR                      (abs)        000000
__CFG_P2BMX$PORTB5                       (abs)        000000
__CFG_PBADEN$ON                          (abs)        000000
__CFG_PLLCFG$OFF                         (abs)        000000
__CFG_PRICLKEN$ON                        (abs)        000000
__CFG_PWRTEN$OFF                         (abs)        000000
__CFG_STVREN$ON                          (abs)        000000
__CFG_T3CMX$PORTC0                       (abs)        000000
__CFG_WDTEN$OFF                          (abs)        000000
__CFG_WDTPS$32768                        (abs)        000000
__CFG_WRT0$OFF                           (abs)        000000
__CFG_WRT1$OFF                           (abs)        000000
__CFG_WRT2$OFF                           (abs)        000000
__CFG_WRT3$OFF                           (abs)        000000
__CFG_WRTB$OFF                           (abs)        000000
__CFG_WRTC$OFF                           (abs)        000000
__CFG_WRTD$OFF                           (abs)        000000
__CFG_XINST$OFF                          (abs)        000000
__HRAM                                   (abs)        000000
__Habs1                                  abs1         000000
__Hbank0                                 bank0        000000
__Hbank1                                 bank1        000000
__Hbank2                                 bank2        000000
__Hbank3                                 bank3        000000
__Hbank4                                 bank4        000000
__Hbank5                                 bank5        000000
__Hbigbss                                bigbss       000000
__Hbigdata                               bigdata      000000
__Hbigram                                bigram       000000
__Hbss                                   bss          000000
__HbssBANK0                              bssBANK0     000000
__HbssCOMRAM                             bssCOMRAM    000000
__Hcinit                                 cinit        000000
__Hclrtext                               clrtext      000000
__Hcomram                                comram       000000
__Hconfig                                config       30000E
__Hconst                                 const        000000
__HcstackBANK0                           cstackBANK0  000000
__HcstackCOMRAM                          cstackCOMRAM 000000
__Hdata                                  data         000000
__HdataBANK0                             dataBANK0    000000
__Heeprom_data                           eeprom_data  000000
__Hfarbss                                farbss       000000
__Hfardata                               fardata      000000
__Hibigdata                              ibigdata     000000
__Hidata                                 idata        000000
__HidataBANK0                            idataBANK0   000000
__Hidloc                                 idloc        200008
__Hifardata                              ifardata     000000
__Hinit                                  init         000106
__Hintcode                               intcode      000102
__Hintcode_body                          intcode_body 000000
__Hintcodelo                             intcodelo    000102
__Hintentry                              intentry     000000
__Hintret                                intret       000000
__Hintsave_regs                          intsave_regs 000000
__Hirdata                                irdata       000000
__Hmediumconst                           mediumconst  000000
__HnvCOMRAM                              nvCOMRAM     000000
__HnvFARRAM                              nvFARRAM     000000
__Hnvbit                                 nvbit        000000
__Hnvrram                                nvrram       000000
__Hparam                                 rparam       000000
__Hpowerup                               powerup      000102
__Hram                                   ram          000000
__Hramtop                                ramtop       000600
__Hrbit                                  rbit         000000
__Hrbss                                  rbss         000000
__Hrdata                                 rdata        000000
__Hreset_vec                             reset_vec    000004
__Hrparam                                rparam       000000
__Hsfr                                   sfr          000000
__Hsmallconst                            smallconst   000606
__Hspace_0                               (abs)        30000E
__Hspace_1                               (abs)        0000E9
__Hspace_2                               (abs)        000000
__Hstack                                 stack        000000
__Hstruct                                struct       000000
__Htemp                                  temp         00004C
__Htext                                  text         000000
__Htext0                                 text0        000000
__Htext1                                 text1        000000
__Htext10                                text10       000000
__Htext11                                text11       000000
__Htext12                                text12       000000
__Htext13                                text13       000000
__Htext14                                text14       000000
__Htext15                                text15       000000
__Htext16                                text16       000000
__Htext17                                text17       000000
__Htext18                                text18       000000
__Htext19                                text19       000000
__Htext2                                 text2        000000
__Htext20                                text20       000000
__Htext21                                text21       000000
__Htext22                                text22       000000
__Htext23                                text23       000000
__Htext24                                text24       000000
__Htext25                                text25       000000
__Htext26                                text26       000000
__Htext27                                text27       000000
__Htext28                                text28       000000
__Htext29                                text29       000000
__Htext3                                 text3        000000
__Htext30                                text30       000000
__Htext31                                text31       000000
__Htext32                                text32       000000
__Htext33                                text33       000000
__Htext34                                text34       000000
__Htext35                                text35       000000
__Htext36                                text36       000000
__Htext37                                text37       000000
__Htext38                                text38       000000
__Htext39                                text39       000000
__Htext4                                 text4        000000
__Htext40                                text40       000000
__Htext41                                text41       000000
__Htext42                                text42       000000
__Htext43                                text43       000000
__Htext44                                text44       000000
__Htext45                                text45       000000
__Htext46                                text46       000000
__Htext47                                text47       000000
__Htext48                                text48       000000
__Htext49                                text49       000000
__Htext5                                 text5        000000
__Htext50                                text50       000000
__Htext51                                text51       000000
__Htext52                                text52       000000
__Htext53                                text53       000000
__Htext54                                text54       000000
__Htext55                                text55       000000
__Htext56                                text56       000000
__Htext57                                text57       000000
__Htext58                                text58       000000
__Htext59                                text59       000000
__Htext6                                 text6        000000
__Htext60                                text60       000000
__Htext62                                text62       000000
__Htext63                                text63       000000
__Htext64                                text64       000000
__Htext65                                text65       000000
__Htext66                                text66       000000
__Htext67                                text67       000000
__Htext68                                text68       000000
__Htext69                                text69       000000
__Htext7                                 text7        000000
__Htext70                                text70       000000
__Htext71                                text71       000000
__Htext72                                text72       000000
__Htext73                                text73       000000
__Htext74                                text74       000000
__Htext75                                text75       000000
__Htext76                                text76       000000
__Htext77                                text77       000000
__Htext78                                text78       000000
__Htext79                                text79       000000
__Htext8                                 text8        000000
__Htext80                                text80       000000
__Htext81                                text81       000000
__Htext82                                text82       000000
__Htext83                                text83       000000
__Htext84                                text84       000000
__Htext85                                text85       000000
__Htext86                                text86       000000
__Htext87                                text87       000000
__Htext88                                text88       000000
__Htext89                                text89       000000
__Htext9                                 text9        000000
__Htext90                                text90       000000
__Htext91                                text91       000000
__Htext92                                text92       000000
__Htext93                                text93       000000
__Htext94                                text94       000000
__Htext95                                text95       000000
__Htext96                                text96       000000
__Htext97                                text97       000000
__Htext98                                text98       000000
__LRAM                                   (abs)        000001
__Labs1                                  abs1         000000
__Lbank0                                 bank0        000000
__Lbank1                                 bank1        000000
__Lbank2                                 bank2        000000
__Lbank3                                 bank3        000000
__Lbank4                                 bank4        000000
__Lbank5                                 bank5        000000
__Lbigbss                                bigbss       000000
__Lbigdata                               bigdata      000000
__Lbigram                                bigram       000000
__Lbss                                   bss          000000
__LbssBANK0                              bssBANK0     000000
__LbssCOMRAM                             bssCOMRAM    000000
__Lcinit                                 cinit        000000
__Lclrtext                               clrtext      000000
__Lcomram                                comram       000000
__Lconfig                                config       300000
__Lconst                                 const        000000
__LcstackBANK0                           cstackBANK0  000000
__LcstackCOMRAM                          cstackCOMRAM 000000
__Ldata                                  data         000000
__LdataBANK0                             dataBANK0    000000
__Leeprom_data                           eeprom_data  000000
__Lfarbss                                farbss       000000
__Lfardata                               fardata      000000
__Libigdata                              ibigdata     000000
__Lidata                                 idata        000000
__LidataBANK0                            idataBANK0   000000
__Lidloc                                 idloc        200000
__Lifardata                              ifardata     000000
__Linit                                  init         000102
__Lintcode                               intcode      000008
__Lintcode_body                          intcode_body 000000
__Lintcodelo                             intcodelo    000102
__Lintentry                              intentry     000000
__Lintret                                intret       000000
__Lintsave_regs                          intsave_regs 000000
__Lirdata                                irdata       000000
__Lmediumconst                           mediumconst  000000
__LnvCOMRAM                              nvCOMRAM     000000
__LnvFARRAM                              nvFARRAM     000000
__Lnvbit                                 nvbit        000000
__Lnvrram                                nvrram       000000
__Lparam                                 rparam       000000
__Lpowerup                               powerup      000102
__Lram                                   ram          000000
__Lramtop                                ramtop       000600
__Lrbit                                  rbit         000000
__Lrbss                                  rbss         000000
__Lrdata                                 rdata        000000
__Lreset_vec                             reset_vec    000000
__Lrparam                                rparam       000000
__Lsfr                                   sfr          000000
__Lsmallconst                            smallconst   000600
__Lspace_0                               (abs)        000000
__Lspace_1                               (abs)        000000
__Lspace_2                               (abs)        000000
__Lstack                                 stack        000000
__Lstruct                                struct       000000
__Ltemp                                  temp         00004B
__Ltext                                  text         000000
__Ltext0                                 text0        000000
__Ltext1                                 text1        000000
__Ltext10                                text10       000000
__Ltext11                                text11       000000
__Ltext12                                text12       000000
__Ltext13                                text13       000000
__Ltext14                                text14       000000
__Ltext15                                text15       000000
__Ltext16                                text16       000000
__Ltext17                                text17       000000
__Ltext18                                text18       000000
__Ltext19                                text19       000000
__Ltext2                                 text2        000000
__Ltext20                                text20       000000
__Ltext21                                text21       000000
__Ltext22                                text22       000000
__Ltext23                                text23       000000
__Ltext24                                text24       000000
__Ltext25                                text25       000000
__Ltext26                                text26       000000
__Ltext27                                text27       000000
__Ltext28                                text28       000000
__Ltext29                                text29       000000
__Ltext3                                 text3        000000
__Ltext30                                text30       000000
__Ltext31                                text31       000000
__Ltext32                                text32       000000
__Ltext33                                text33       000000
__Ltext34                                text34       000000
__Ltext35                                text35       000000
__Ltext36                                text36       000000
__Ltext37                                text37       000000
__Ltext38                                text38       000000
__Ltext39                                text39       000000
__Ltext4                                 text4        000000
__Ltext40                                text40       000000
__Ltext41                                text41       000000
__Ltext42                                text42       000000
__Ltext43                                text43       000000
__Ltext44                                text44       000000
__Ltext45                                text45       000000
__Ltext46                                text46       000000
__Ltext47                                text47       000000
__Ltext48                                text48       000000
__Ltext49                                text49       000000
__Ltext5                                 text5        000000
__Ltext50                                text50       000000
__Ltext51                                text51       000000
__Ltext52                                text52       000000
__Ltext53                                text53       000000
__Ltext54                                text54       000000
__Ltext55                                text55       000000
__Ltext56                                text56       000000
__Ltext57                                text57       000000
__Ltext58                                text58       000000
__Ltext59                                text59       000000
__Ltext6                                 text6        000000
__Ltext60                                text60       000000
__Ltext62                                text62       000000
__Ltext63                                text63       000000
__Ltext64                                text64       000000
__Ltext65                                text65       000000
__Ltext66                                text66       000000
__Ltext67                                text67       000000
__Ltext68                                text68       000000
__Ltext69                                text69       000000
__Ltext7                                 text7        000000
__Ltext70                                text70       000000
__Ltext71                                text71       000000
__Ltext72                                text72       000000
__Ltext73                                text73       000000
__Ltext74                                text74       000000
__Ltext75                                text75       000000
__Ltext76                                text76       000000
__Ltext77                                text77       000000
__Ltext78                                text78       000000
__Ltext79                                text79       000000
__Ltext8                                 text8        000000
__Ltext80                                text80       000000
__Ltext81                                text81       000000
__Ltext82                                text82       000000
__Ltext83                                text83       000000
__Ltext84                                text84       000000
__Ltext85                                text85       000000
__Ltext86                                text86       000000
__Ltext87                                text87       000000
__Ltext88                                text88       000000
__Ltext89                                text89       000000
__Ltext9                                 text9        000000
__Ltext90                                text90       000000
__Ltext91                                text91       000000
__Ltext92                                text92       000000
__Ltext93                                text93       000000
__Ltext94                                text94       000000
__Ltext95                                text95       000000
__Ltext96                                text96       000000
__Ltext97                                text97       000000
__Ltext98                                text98       000000
__S0                                     (abs)        30000E
__S1                                     (abs)        0000E9
__S2                                     (abs)        000000
___inthi_sp                              stack        000000
___intlo_sp                              stack        000000
___param_bank                            (abs)        000000
___rparam_used                           (abs)        000001
___sp                                    stack        000000
__accesstop                              (abs)        000060
__activetblptr                           (abs)        000002
__end_of_ACCELEROMETER_Initialize        text12       000AB0
__end_of_EUSART1_Initialize              text9        000CA4
__end_of_EUSART1_Receive_ISR             text97       000EB6
__end_of_EUSART1_SetRxInterruptHandler   text11       001164
__end_of_EUSART1_SetTxInterruptHandler   text10       00115A
__end_of_EUSART1_Transmit_ISR            text96       000E8A
__end_of_EUSART1_Write                   text4        000DFC
__end_of_INTERRUPT_Initialize            text8        0011FE
__end_of_INTERRUPT_InterruptManager      intcode      000102
__end_of_OSCILLATOR_Initialize           text7        0010B0
__end_of_PIN_MANAGER_Initialize          text6        000F0A
__end_of_SYSTEM_Initialize               text5        00101C
__end_of__initialization                 cinit        000DB4
__end_of_do_I2C_DO_ACK                   text33       0010E8
__end_of_do_I2C_DO_ADDRESS_NACK          text30       000C58
__end_of_do_I2C_DO_NACK_RESTART          text31       0010CC
__end_of_do_I2C_DO_NACK_STOP             text32       0010DA
__end_of_do_I2C_IDLE                     text42       001052
__end_of_do_I2C_RCEN                     text34       001040
__end_of_do_I2C_RESET                    text43       000FCA
__end_of_do_I2C_RX                       text28       0009D0
__end_of_do_I2C_SEND_ADR_READ            text37       000FB4
__end_of_do_I2C_SEND_ADR_WRITE           text35       000F88
__end_of_do_I2C_SEND_INITIAL_READ        text36       000F9E
__end_of_do_I2C_SEND_RESTART             text39       001104
__end_of_do_I2C_SEND_RESTART_READ        text41       001120
__end_of_do_I2C_SEND_RESTART_WRITE       text40       001112
__end_of_do_I2C_SEND_STOP                text38       0010F6
__end_of_do_I2C_TX                       text29       000834
__end_of_do_I2C_TX_EMPTY                 text27       000B0E
__end_of_do_I2C_TX_REGISTER              text44       00100A
__end_of_i2c1_driver_TXData              text47       00119C
__end_of_i2c1_driver_clearBusCollision   text95       001242
__end_of_i2c1_driver_getRXData           text48       001206
__end_of_i2c1_driver_isNACK              text46       000FE0
__end_of_i2c1_driver_open                text20       000F72
__end_of_i2c1_driver_resetBus            text50       001244
__end_of_i2c1_driver_restart             text55       001212
__end_of_i2c1_driver_sendACK             text56       0011E8
__end_of_i2c1_driver_sendNACK            text49       0011E2
__end_of_i2c1_driver_setBusCollisionISR  text19       001178
__end_of_i2c1_driver_setI2cISR           text18       00116E
__end_of_i2c1_driver_start               text57       001216
__end_of_i2c1_driver_startRX             text51       00120A
__end_of_i2c1_driver_stop                text54       00120E
__end_of_i2c_ISR                         text26       000C0A
__end_of_i2c_busCollisionISR             text94       0011FA
__end_of_i2c_close                       text58       000F28
__end_of_i2c_masterAccelRead             text21       0010BE
__end_of_i2c_masterOperation             text22       000CEC
__end_of_i2c_masterWrite                 text14       001194
__end_of_i2c_open                        text17       00079E
__end_of_i2c_poller                      text24       000F5C
__end_of_i2c_setBuffer                   text16       000F42
__end_of_main                            text0        000704
__end_of_mssp1_IRQisEnabled              text23       001062
__end_of_mssp1_clearIRQ                  text60       00121E
__end_of_mssp1_disableIRQ                text59       00121A
__end_of_mssp1_setIRQ                    text45       001202
__end_of_mssp1_waitForEvent              text25       00102E
__end_of_printf                          text2        000EE0
__end_of_putch                           text3        001150
__end_of_read_register                   text15       000E5C
__end_of_read_xyzvalues                  text1        0008C6
__end_of_returnReset                     text52       001182
__end_of_returnStop                      text53       00118C
__end_of_write_register                  text13       000E2E
__end_ofi2_do_I2C_DO_ACK                 text70       0011B4
__end_ofi2_do_I2C_DO_ADDRESS_NACK        text67       000D7C
__end_ofi2_do_I2C_DO_NACK_RESTART        text68       0011A4
__end_ofi2_do_I2C_DO_NACK_STOP           text69       0011AC
__end_ofi2_do_I2C_IDLE                   text79       001146
__end_ofi2_do_I2C_RCEN                   text71       00113A
__end_ofi2_do_I2C_RESET                  text80       0010A2
__end_ofi2_do_I2C_RX                     text65       000A44
__end_ofi2_do_I2C_SEND_ADR_READ          text74       001092
__end_ofi2_do_I2C_SEND_ADR_WRITE         text72       001072
__end_ofi2_do_I2C_SEND_INITIAL_READ      text73       001082
__end_ofi2_do_I2C_SEND_RESTART           text76       0011C4
__end_ofi2_do_I2C_SEND_RESTART_READ      text78       0011D4
__end_ofi2_do_I2C_SEND_RESTART_WRITE     text77       0011CC
__end_ofi2_do_I2C_SEND_STOP              text75       0011BC
__end_ofi2_do_I2C_TX                     text66       000956
__end_ofi2_do_I2C_TX_EMPTY               text64       000B66
__end_ofi2_do_I2C_TX_REGISTER            text81       00112E
__end_ofi2_i2c1_driver_TXData            text84       0011DC
__end_ofi2_i2c1_driver_getRXData         text85       00122A
__end_ofi2_i2c1_driver_isNACK            text83       000FF6
__end_ofi2_i2c1_driver_resetBus          text87       001246
__end_ofi2_i2c1_driver_restart           text92       00123E
__end_ofi2_i2c1_driver_sendACK           text93       0011F4
__end_ofi2_i2c1_driver_sendNACK          text86       0011EE
__end_ofi2_i2c1_driver_startRX           text88       00122E
__end_ofi2_i2c1_driver_stop              text91       00123A
__end_ofi2_i2c_ISR                       text62       000D34
__end_ofi2_mssp1_clearIRQ                text63       001222
__end_ofi2_mssp1_setIRQ                  text82       001226
__end_ofi2_returnReset                   text89       001232
__end_ofi2_returnStop                    text90       001236
__initialization                         cinit        000D7C
__mediumconst                            mediumconst  000000
__pbssBANK0                              bssBANK0     0000B6
__pbssCOMRAM                             bssCOMRAM    000001
__pcinit                                 cinit        000D7C
__pcstackBANK0                           cstackBANK0  0000DB
__pcstackCOMRAM                          cstackCOMRAM 000026
__pdataBANK0                             dataBANK0    000060
__pidataBANK0                            idataBANK0   000B66
__pintcode                               intcode      000008
__pnvCOMRAM                              nvCOMRAM     000046
__psmallconst                            smallconst   000600
__ptext0                                 text0        000606
__ptext1                                 text1        000834
__ptext10                                text10       001150
__ptext11                                text11       00115A
__ptext12                                text12       000A44
__ptext13                                text13       000DFC
__ptext14                                text14       00118C
__ptext15                                text15       000E2E
__ptext16                                text16       000F28
__ptext17                                text17       000704
__ptext18                                text18       001164
__ptext19                                text19       00116E
__ptext2                                 text2        000EB6
__ptext20                                text20       000F5C
__ptext21                                text21       0010B0
__ptext22                                text22       000CA4
__ptext23                                text23       001052
__ptext24                                text24       000F42
__ptext25                                text25       00101C
__ptext26                                text26       000BBC
__ptext27                                text27       000AB0
__ptext28                                text28       000956
__ptext29                                text29       00079E
__ptext3                                 text3        001146
__ptext30                                text30       000C0A
__ptext31                                text31       0010BE
__ptext32                                text32       0010CC
__ptext33                                text33       0010DA
__ptext34                                text34       00102E
__ptext35                                text35       000F72
__ptext36                                text36       000F88
__ptext37                                text37       000F9E
__ptext38                                text38       0010E8
__ptext39                                text39       0010F6
__ptext4                                 text4        000DC2
__ptext40                                text40       001104
__ptext41                                text41       001112
__ptext42                                text42       001040
__ptext43                                text43       000FB4
__ptext44                                text44       000FF6
__ptext45                                text45       0011FE
__ptext46                                text46       000FCA
__ptext47                                text47       001194
__ptext48                                text48       001202
__ptext49                                text49       0011DC
__ptext5                                 text5        00100A
__ptext50                                text50       001242
__ptext51                                text51       001206
__ptext52                                text52       001178
__ptext53                                text53       001182
__ptext54                                text54       00120A
__ptext55                                text55       00120E
__ptext56                                text56       0011E2
__ptext57                                text57       001212
__ptext58                                text58       000F0A
__ptext59                                text59       001216
__ptext6                                 text6        000EE0
__ptext60                                text60       00121A
__ptext62                                text62       000CEC
__ptext63                                text63       00121E
__ptext64                                text64       000B0E
__ptext65                                text65       0009D0
__ptext66                                text66       0008C6
__ptext67                                text67       000D34
__ptext68                                text68       00119C
__ptext69                                text69       0011A4
__ptext7                                 text7        0010A2
__ptext70                                text70       0011AC
__ptext71                                text71       00112E
__ptext72                                text72       001062
__ptext73                                text73       001072
__ptext74                                text74       001082
__ptext75                                text75       0011B4
__ptext76                                text76       0011BC
__ptext77                                text77       0011C4
__ptext78                                text78       0011CC
__ptext79                                text79       00113A
__ptext8                                 text8        0011FA
__ptext80                                text80       001092
__ptext81                                text81       001120
__ptext82                                text82       001222
__ptext83                                text83       000FE0
__ptext84                                text84       0011D4
__ptext85                                text85       001226
__ptext86                                text86       0011E8
__ptext87                                text87       001244
__ptext88                                text88       00122A
__ptext89                                text89       00122E
__ptext9                                 text9        000C58
__ptext90                                text90       001232
__ptext91                                text91       001236
__ptext92                                text92       00123A
__ptext93                                text93       0011EE
__ptext94                                text94       0011F4
__ptext95                                text95       00123E
__ptext96                                text96       000E5C
__ptext97                                text97       000E8A
__ptext98                                text98       000000
__ramtop                                 ramtop       000600
__size_of_ACCELEROMETER_Initialize       (abs)        000000
__size_of_EUSART1_Initialize             (abs)        000000
__size_of_EUSART1_Receive_ISR            (abs)        000000
__size_of_EUSART1_SetRxInterruptHandler  (abs)        000000
__size_of_EUSART1_SetTxInterruptHandler  (abs)        000000
__size_of_EUSART1_Transmit_ISR           (abs)        000000
__size_of_EUSART1_Write                  (abs)        000000
__size_of_INTERRUPT_Initialize           (abs)        000000
__size_of_INTERRUPT_InterruptManager     (abs)        000000
__size_of_OSCILLATOR_Initialize          (abs)        000000
__size_of_PIN_MANAGER_Initialize         (abs)        000000
__size_of_SYSTEM_Initialize              (abs)        000000
__size_of_do_I2C_DO_ACK                  (abs)        000000
__size_of_do_I2C_DO_ADDRESS_NACK         (abs)        000000
__size_of_do_I2C_DO_NACK_RESTART         (abs)        000000
__size_of_do_I2C_DO_NACK_STOP            (abs)        000000
__size_of_do_I2C_IDLE                    (abs)        000000
__size_of_do_I2C_RCEN                    (abs)        000000
__size_of_do_I2C_RESET                   (abs)        000000
__size_of_do_I2C_RX                      (abs)        000000
__size_of_do_I2C_SEND_ADR_READ           (abs)        000000
__size_of_do_I2C_SEND_ADR_WRITE          (abs)        000000
__size_of_do_I2C_SEND_INITIAL_READ       (abs)        000000
__size_of_do_I2C_SEND_RESTART            (abs)        000000
__size_of_do_I2C_SEND_RESTART_READ       (abs)        000000
__size_of_do_I2C_SEND_RESTART_WRITE      (abs)        000000
__size_of_do_I2C_SEND_STOP               (abs)        000000
__size_of_do_I2C_TX                      (abs)        000000
__size_of_do_I2C_TX_EMPTY                (abs)        000000
__size_of_do_I2C_TX_REGISTER             (abs)        000000
__size_of_i2c1_driver_TXData             (abs)        000000
__size_of_i2c1_driver_clearBusCollision  (abs)        000000
__size_of_i2c1_driver_getRXData          (abs)        000000
__size_of_i2c1_driver_isNACK             (abs)        000000
__size_of_i2c1_driver_open               (abs)        000000
__size_of_i2c1_driver_resetBus           (abs)        000000
__size_of_i2c1_driver_restart            (abs)        000000
__size_of_i2c1_driver_sendACK            (abs)        000000
__size_of_i2c1_driver_sendNACK           (abs)        000000
__size_of_i2c1_driver_setBusCollisionISR (abs)        000000
__size_of_i2c1_driver_setI2cISR          (abs)        000000
__size_of_i2c1_driver_start              (abs)        000000
__size_of_i2c1_driver_startRX            (abs)        000000
__size_of_i2c1_driver_stop               (abs)        000000
__size_of_i2c_ISR                        (abs)        000000
__size_of_i2c_busCollisionISR            (abs)        000000
__size_of_i2c_close                      (abs)        000000
__size_of_i2c_masterAccelRead            (abs)        000000
__size_of_i2c_masterOperation            (abs)        000000
__size_of_i2c_masterWrite                (abs)        000000
__size_of_i2c_open                       (abs)        000000
__size_of_i2c_poller                     (abs)        000000
__size_of_i2c_setBuffer                  (abs)        000000
__size_of_main                           (abs)        000000
__size_of_mssp1_IRQisEnabled             (abs)        000000
__size_of_mssp1_clearIRQ                 (abs)        000000
__size_of_mssp1_disableIRQ               (abs)        000000
__size_of_mssp1_setIRQ                   (abs)        000000
__size_of_mssp1_waitForEvent             (abs)        000000
__size_of_printf                         (abs)        000000
__size_of_putch                          (abs)        000000
__size_of_read_register                  (abs)        000000
__size_of_read_xyzvalues                 (abs)        000000
__size_of_returnReset                    (abs)        000000
__size_of_returnStop                     (abs)        000000
__size_of_write_register                 (abs)        000000
__size_ofi2_do_I2C_DO_ACK                (abs)        000000
__size_ofi2_do_I2C_DO_ADDRESS_NACK       (abs)        000000
__size_ofi2_do_I2C_DO_NACK_RESTART       (abs)        000000
__size_ofi2_do_I2C_DO_NACK_STOP          (abs)        000000
__size_ofi2_do_I2C_IDLE                  (abs)        000000
__size_ofi2_do_I2C_RCEN                  (abs)        000000
__size_ofi2_do_I2C_RESET                 (abs)        000000
__size_ofi2_do_I2C_RX                    (abs)        000000
__size_ofi2_do_I2C_SEND_ADR_READ         (abs)        000000
__size_ofi2_do_I2C_SEND_ADR_WRITE        (abs)        000000
__size_ofi2_do_I2C_SEND_INITIAL_READ     (abs)        000000
__size_ofi2_do_I2C_SEND_RESTART          (abs)        000000
__size_ofi2_do_I2C_SEND_RESTART_READ     (abs)        000000
__size_ofi2_do_I2C_SEND_RESTART_WRITE    (abs)        000000
__size_ofi2_do_I2C_SEND_STOP             (abs)        000000
__size_ofi2_do_I2C_TX                    (abs)        000000
__size_ofi2_do_I2C_TX_EMPTY              (abs)        000000
__size_ofi2_do_I2C_TX_REGISTER           (abs)        000000
__size_ofi2_i2c1_driver_TXData           (abs)        000000
__size_ofi2_i2c1_driver_getRXData        (abs)        000000
__size_ofi2_i2c1_driver_isNACK           (abs)        000000
__size_ofi2_i2c1_driver_resetBus         (abs)        000000
__size_ofi2_i2c1_driver_restart          (abs)        000000
__size_ofi2_i2c1_driver_sendACK          (abs)        000000
__size_ofi2_i2c1_driver_sendNACK         (abs)        000000
__size_ofi2_i2c1_driver_startRX          (abs)        000000
__size_ofi2_i2c1_driver_stop             (abs)        000000
__size_ofi2_i2c_ISR                      (abs)        000000
__size_ofi2_mssp1_clearIRQ               (abs)        000000
__size_ofi2_mssp1_setIRQ                 (abs)        000000
__size_ofi2_returnReset                  (abs)        000000
__size_ofi2_returnStop                   (abs)        000000
__smallconst                             smallconst   000600
_do_I2C_DO_ACK                           text33       0010DA
_do_I2C_DO_ACK$intlevel0                 text33       0010E0
_do_I2C_DO_ADDRESS_NACK                  text30       000C0A
_do_I2C_DO_ADDRESS_NACK$intlevel0        text30       000C10
_do_I2C_DO_NACK_RESTART                  text31       0010BE
_do_I2C_DO_NACK_RESTART$intlevel0        text31       0010C4
_do_I2C_DO_NACK_STOP                     text32       0010CC
_do_I2C_DO_NACK_STOP$intlevel0           text32       0010D2
_do_I2C_IDLE                             text42       001040
_do_I2C_IDLE$intlevel0                   text42       001046
_do_I2C_RCEN                             text34       00102E
_do_I2C_RCEN$intlevel0                   text34       001034
_do_I2C_RESET                            text43       000FB4
_do_I2C_RESET$intlevel0                  text43       000FBA
_do_I2C_RX                               text28       000956
_do_I2C_RX$intlevel0                     text28       00095C
_do_I2C_SEND_ADR_READ                    text37       000F9E
_do_I2C_SEND_ADR_READ$intlevel0          text37       000FA4
_do_I2C_SEND_ADR_WRITE                   text35       000F72
_do_I2C_SEND_ADR_WRITE$intlevel0         text35       000F78
_do_I2C_SEND_INITIAL_READ                text36       000F88
_do_I2C_SEND_INITIAL_READ$intlevel0      text36       000F8E
_do_I2C_SEND_RESTART                     text39       0010F6
_do_I2C_SEND_RESTART$intlevel0           text39       0010FC
_do_I2C_SEND_RESTART_READ                text41       001112
_do_I2C_SEND_RESTART_READ$intlevel0      text41       001118
_do_I2C_SEND_RESTART_WRITE               text40       001104
_do_I2C_SEND_RESTART_WRITE$intlevel0     text40       00110A
_do_I2C_SEND_STOP                        text38       0010E8
_do_I2C_SEND_STOP$intlevel0              text38       0010EE
_do_I2C_TX                               text29       00079E
_do_I2C_TX$315                           cstackCOMRAM 00003B
_do_I2C_TX$intlevel0                     text29       0007A4
_do_I2C_TX_EMPTY                         text27       000AB0
_do_I2C_TX_EMPTY$intlevel0               text27       000AB6
_do_I2C_TX_REGISTER                      text44       000FF6
_do_I2C_TX_REGISTER$intlevel0            text44       000FFC
_eusart1RxBuffer                         bssCOMRAM    000001
_eusart1RxCount                          bssCOMRAM    000018
_eusart1RxHead                           bssCOMRAM    00001A
_eusart1RxTail                           bssCOMRAM    000019
_eusart1TxBuffer                         bssCOMRAM    000009
_eusart1TxBufferRemaining                nvCOMRAM     00004A
_eusart1TxHead                           bssCOMRAM    00001C
_eusart1TxTail                           bssCOMRAM    00001B
_fsmStateTable                           dataBANK0    000092
_i2c1_driver_TXData                      text47       001194
_i2c1_driver_busCollisionISR             bssCOMRAM    000013
_i2c1_driver_clearBusCollision           text95       00123E
_i2c1_driver_getRXData                   text48       001202
_i2c1_driver_i2cISR                      bssCOMRAM    000011
_i2c1_driver_isNACK                      text46       000FCA
_i2c1_driver_open                        text20       000F5C
_i2c1_driver_resetBus                    text50       001242
_i2c1_driver_restart                     text55       00120E
_i2c1_driver_sendACK                     text56       0011E2
_i2c1_driver_sendNACK                    text49       0011DC
_i2c1_driver_setBusCollisionISR          text19       00116E
_i2c1_driver_setI2cISR                   text18       001164
_i2c1_driver_start                       text57       001212
_i2c1_driver_startRX                     text51       001206
_i2c1_driver_stop                        text54       00120A
_i2c_ISR                                 text26       000BBC
_i2c_ISR$intlevel0                       text26       000BC2
_i2c_busCollisionISR                     text94       0011F4
_i2c_close                               text58       000F0A
_i2c_masterAccelRead                     text21       0010B0
_i2c_masterOperation                     text22       000CA4
_i2c_masterWrite                         text14       00118C
_i2c_open                                text17       000704
_i2c_poller                              text24       000F42
_i2c_setBuffer                           text16       000F28
_i2c_status                              bssBANK0     0000B6
_main                                    text0        000606
_mssp1_IRQisEnabled                      text23       001052
_mssp1_clearIRQ                          text60       00121A
_mssp1_disableIRQ                        text59       001216
_mssp1_setIRQ                            text45       0011FE
_mssp1_waitForEvent                      text25       00101C
_printf                                  text2        000EB6
_putch                                   text3        001146
_read_register                           text15       000E2E
_read_xyzvalues                          text1        000834
_returnReset                             text52       001178
_returnReset$intlevel0                   text52       00117E
_returnStop                              text53       001182
_returnStop$intlevel0                    text53       001188
_write_register                          text13       000DFC
btemp                                    temp         00004B
end_of_initialization                    cinit        000DB4
i2_do_I2C_DO_ACK                         text70       0011AC
i2_do_I2C_DO_ADDRESS_NACK                text67       000D34
i2_do_I2C_DO_NACK_RESTART                text68       00119C
i2_do_I2C_DO_NACK_STOP                   text69       0011A4
i2_do_I2C_IDLE                           text79       00113A
i2_do_I2C_RCEN                           text71       00112E
i2_do_I2C_RESET                          text80       001092
i2_do_I2C_RX                             text65       0009D0
i2_do_I2C_SEND_ADR_READ                  text74       001082
i2_do_I2C_SEND_ADR_WRITE                 text72       001062
i2_do_I2C_SEND_INITIAL_READ              text73       001072
i2_do_I2C_SEND_RESTART                   text76       0011BC
i2_do_I2C_SEND_RESTART_READ              text78       0011CC
i2_do_I2C_SEND_RESTART_WRITE             text77       0011C4
i2_do_I2C_SEND_STOP                      text75       0011B4
i2_do_I2C_TX                             text66       0008C6
i2_do_I2C_TX$315                         cstackCOMRAM 000026
i2_do_I2C_TX_EMPTY                       text64       000B0E
i2_do_I2C_TX_REGISTER                    text81       001120
i2_i2c1_driver_TXData                    text84       0011D4
i2_i2c1_driver_getRXData                 text85       001226
i2_i2c1_driver_isNACK                    text83       000FE0
i2_i2c1_driver_resetBus                  text87       001244
i2_i2c1_driver_restart                   text92       00123A
i2_i2c1_driver_sendACK                   text93       0011EE
i2_i2c1_driver_sendNACK                  text86       0011E8
i2_i2c1_driver_startRX                   text88       00122A
i2_i2c1_driver_stop                      text91       001236
i2_i2c_ISR                               text62       000CEC
i2_mssp1_clearIRQ                        text63       00121E
i2_mssp1_setIRQ                          text82       001222
i2_returnReset                           text89       00122E
i2_returnStop                            text90       001232
i2c1_driver_TXData@d                     cstackCOMRAM 00003A
i2c1_driver_setBusCollisionISR@f         cstackCOMRAM 00003A
i2c1_driver_setI2cISR@f                  cstackCOMRAM 00003A
i2c_close@ret                            cstackCOMRAM 00003A
i2c_masterAccelRead@reg                  cstackCOMRAM 00003F
i2c_masterOperation@operation            cstackCOMRAM 00003D
i2c_masterOperation@ret                  cstackCOMRAM 00003E
i2c_open@address                         cstackCOMRAM 00003D
i2c_open@ret                             cstackCOMRAM 00003C
i2c_setBuffer@buffer                     cstackCOMRAM 00003A
i2c_setBuffer@bufferSize                 cstackCOMRAM 00003C
i2i2c1_driver_TXData@d                   cstackCOMRAM 000026
i2returnReset@p                          cstackCOMRAM 000026
int$flags                                temp         00004B
intlevel0                                text         000000
intlevel1                                text         000000
intlevel2                                text         000000
intlevel3                                text         000000
main@data                                cstackBANK0  0000E3
mssp1_waitForEvent@timeout               cstackCOMRAM 00003A
printString@F7170                        dataBANK0    000060
printf@ap                                cstackCOMRAM 00003E
printf@c                                 cstackCOMRAM 000040
printf@f                                 cstackCOMRAM 00003C
putch@txData                             cstackCOMRAM 00003B
read_register@receivebuffer              bssCOMRAM    000025
read_register@reg                        cstackCOMRAM 000040
read_register@status                     bssCOMRAM    000016
read_xyzvalues@readbuffer                bssCOMRAM    00001D
read_xyzvalues@sensorData                cstackBANK0  0000DB
read_xyzvalues@status                    bssCOMRAM    000015
returnReset@p                            cstackCOMRAM 00003A
stackhi                                  (abs)        0005FF
stacklo                                  (abs)        0000E9
start                                    init         000102
start_initialization                     cinit        000D7C
write_register@buffer                    bssCOMRAM    000023
write_register@data                      cstackCOMRAM 00003F
write_register@reg                       cstackCOMRAM 000040
write_register@status                    bssCOMRAM    000017
wtemp6                                   temp         00004C


FUNCTION INFORMATION:

 *************** function _main *****************
 Defined at:
		line 70 in file "main.c"
 Parameters:    Size  Location     Type
		None
 Auto vars:     Size  Location     Type
  data            6    8[BANK0 ] struct .
 Return value:  Size  Location     Type
                  1    wreg      void 
 Registers used:
		wreg, fsr0l, fsr0h, fsr2l, fsr2h, status,2, status,0, pclath, tosl, tblptrl, tblptrh, tblptru, prodl, prodh, cstack
 Tracked objects:
		On entry : 
		On exit  : 
		Unchanged: 
 Data sizes:     COMRAM   BANK0   BANK1   BANK2   BANK3   BANK4   BANK5
      Params:         0       0       0       0       0       0       0
      Locals:         0       6       0       0       0       0       0
      Temps:          0       2       0       0       0       0       0
      Totals:         0       8       0       0       0       0       0
Total ram usage:        8 bytes
 Hardware stack levels required when called:   14
 This function calls:
[...]
		Nothing
 This function is called by:
		i2_do_I2C_TX
		i2_i2c_ISR
 This function uses a non-reentrant model


 *************** function i2_i2c1_driver_TXData *****************
 Defined at:
		line 186 in file "mcc_generated_files/i2c1_driver.c"
 Parameters:    Size  Location     Type
  d               1    wreg     unsigned char 
 Auto vars:     Size  Location     Type
  d               1    0[COMRAM] unsigned char 
 Return value:  Size  Location     Type
                  1    wreg      void 
 Registers used:
		wreg
 Tracked objects:
		On entry : 
		On exit  : 
		Unchanged: 
 Data sizes:     COMRAM   BANK0   BANK1   BANK2   BANK3   BANK4   BANK5
      Params:         0       0       0       0       0       0       0
      Locals:         1       0       0       0       0       0       0
      Temps:          0       0       0       0       0       0       0
      Totals:         1       0       0       0       0       0       0
Total ram usage:        1 bytes
 Hardware stack levels used:    1
 This function calls:
		Nothing
 This function is called by:
		i2_do_I2C_SEND_ADR_READ
		i2_do_I2C_SEND_INITIAL_READ
		i2_do_I2C_TX_REGISTER
		i2_do_I2C_SEND_ADR_WRITE
		i2_do_I2C_TX
 This function uses a non-reentrant model


 *************** function i2_i2c1_driver_getRXData *****************
 Defined at:
		line 171 in file "mcc_generated_files/i2c1_driver.c"
 Parameters:    Size  Location     Type
		None
 Auto vars:     Size  Location     Type
		None
 Return value:  Size  Location     Type
                  1    wreg      unsigned char 
 Registers used:
		wreg, status,2
 Tracked objects:
		On entry : 
		On exit  : 
		Unchanged: 
 Data sizes:     COMRAM   BANK0   BANK1   BANK2   BANK3   BANK4   BANK5
      Params:         0       0       0       0       0       0       0
      Locals:         0       0       0       0       0       0       0
      Temps:          0       0       0       0       0       0       0
      Totals:         0       0       0       0       0       0       0
Total ram usage:        0 bytes
 Hardware stack levels used:    1
 This function calls:
		Nothing
 This function is called by:
		i2_do_I2C_RX
 This function uses a non-reentrant model


 *************** function i2_i2c1_driver_sendNACK *****************
 Defined at:
		line 202 in file "mcc_generated_files/i2c1_driver.c"
 Parameters:    Size  Location     Type
		None
 Auto vars:     Size  Location     Type
		None
 Return value:  Size  Location     Type
                  1    wreg      void 
 Registers used:
		None
 Tracked objects:
		On entry : 
		On exit  : 
		Unchanged: 
 Data sizes:     COMRAM   BANK0   BANK1   BANK2   BANK3   BANK4   BANK5
      Params:         0       0       0       0       0       0       0
      Locals:         0       0       0       0       0       0       0
      Temps:          0       0       0       0       0       0       0
      Totals:         0       0       0       0       0       0       0
Total ram usage:        0 bytes
 Hardware stack levels used:    1
 This function calls:
		Nothing
 This function is called by:
		i2_do_I2C_DO_NACK_STOP
		i2_do_I2C_DO_NACK_RESTART
 This function uses a non-reentrant model


 *************** function i2_i2c1_driver_resetBus *****************
 Defined at:
		line 141 in file "mcc_generated_files/i2c1_driver.c"
 Parameters:    Size  Location     Type
		None
 Auto vars:     Size  Location     Type
		None
 Return value:  Size  Location     Type
                  1    wreg      void 
 Registers used:
		None
 Tracked objects:
		On entry : 
		On exit  : 
		Unchanged: 
 Data sizes:     COMRAM   BANK0   BANK1   BANK2   BANK3   BANK4   BANK5
      Params:         0       0       0       0       0       0       0
      Locals:         0       0       0       0       0       0       0
      Temps:          0       0       0       0       0       0       0
      Totals:         0       0       0       0       0       0       0
Total ram usage:        0 bytes
 Hardware stack levels used:    1
 This function calls:
		Nothing
 This function is called by:
		i2_do_I2C_RESET
 This function uses a non-reentrant model


 *************** function i2_i2c1_driver_startRX *****************
 Defined at:
		line 166 in file "mcc_generated_files/i2c1_driver.c"
 Parameters:    Size  Location     Type
		None
 Auto vars:     Size  Location     Type
		None
 Return value:  Size  Location     Type
                  1    wreg      void 
 Registers used:
		None
 Tracked objects:
		On entry : 
		On exit  : 
		Unchanged: 
 Data sizes:     COMRAM   BANK0   BANK1   BANK2   BANK3   BANK4   BANK5
      Params:         0       0       0       0       0       0       0
      Locals:         0       0       0       0       0       0       0
      Temps:          0       0       0       0       0       0       0
      Totals:         0       0       0       0       0       0       0
Total ram usage:        0 bytes
 Hardware stack levels used:    1
 This function calls:
		Nothing
 This function is called by:
		i2_do_I2C_RCEN
 This function uses a non-reentrant model


 *************** function i2_returnReset *****************
 Defined at:
		line 513 in file "mcc_generated_files/drivers/i2c_master.c"
 Parameters:    Size  Location     Type
  p               2    0[COMRAM] PTR void 
		 -> NULL(0), 
 Auto vars:     Size  Location     Type
		None
 Return value:  Size  Location     Type
                  1    wreg      enum E6842
 Registers used:
		wreg
 Tracked objects:
		On entry : 
		On exit  : 
		Unchanged: 
 Data sizes:     COMRAM   BANK0   BANK1   BANK2   BANK3   BANK4   BANK5
      Params:         2       0       0       0       0       0       0
      Locals:         0       0       0       0       0       0       0
      Temps:          0       0       0       0       0       0       0
      Totals:         2       0       0       0       0       0       0
Total ram usage:        2 bytes
 Hardware stack levels used:    1
 This function calls:
		Nothing
 This function is called by:
 This function uses a non-reentrant model


 *************** function i2_returnStop *****************
 Defined at:
		line 508 in file "mcc_generated_files/drivers/i2c_master.c"
 Parameters:    Size  Location     Type
  p               2    0[COMRAM] PTR void 
		 -> NULL(0), 
 Auto vars:     Size  Location     Type
		None
 Return value:  Size  Location     Type
                  1    wreg      enum E6842
 Registers used:
		wreg
 Tracked objects:
		On entry : 
		On exit  : 
		Unchanged: 
 Data sizes:     COMRAM   BANK0   BANK1   BANK2   BANK3   BANK4   BANK5
      Params:         2       0       0       0       0       0       0
      Locals:         0       0       0       0       0       0       0
      Temps:          0       0       0       0       0       0       0
      Totals:         2       0       0       0       0       0       0
Total ram usage:        2 bytes
 Hardware stack levels used:    1
 This function calls:
		Nothing
 This function is called by:
 This function uses a non-reentrant model


 *************** function i2_i2c1_driver_stop *****************
 Defined at:
		line 156 in file "mcc_generated_files/i2c1_driver.c"
 Parameters:    Size  Location     Type
		None
 Auto vars:     Size  Location     Type
		None
 Return value:  Size  Location     Type
                  1    wreg      void 
 Registers used:
		None
 Tracked objects:
		On entry : 
		On exit  : 
		Unchanged: 
 Data sizes:     COMRAM   BANK0   BANK1   BANK2   BANK3   BANK4   BANK5
      Params:         0       0       0       0       0       0       0
      Locals:         0       0       0       0       0       0       0
      Temps:          0       0       0       0       0       0       0
      Totals:         0       0       0       0       0       0       0
Total ram usage:        0 bytes
 Hardware stack levels used:    1
 This function calls:
		Nothing
 This function is called by:
		i2_do_I2C_SEND_STOP
 This function uses a non-reentrant model


 *************** function i2_i2c1_driver_restart *****************
 Defined at:
		line 151 in file "mcc_generated_files/i2c1_driver.c"
 Parameters:    Size  Location     Type
		None
 Auto vars:     Size  Location     Type
		None
 Return value:  Size  Location     Type
                  1    wreg      void 
 Registers used:
		None
 Tracked objects:
		On entry : 
		On exit  : 
		Unchanged: 
 Data sizes:     COMRAM   BANK0   BANK1   BANK2   BANK3   BANK4   BANK5
      Params:         0       0       0       0       0       0       0
      Locals:         0       0       0       0       0       0       0
      Temps:          0       0       0       0       0       0       0
      Totals:         0       0       0       0       0       0       0
Total ram usage:        0 bytes
 Hardware stack levels used:    1
 This function calls:
		Nothing
 This function is called by:
		i2_do_I2C_SEND_RESTART_READ
		i2_do_I2C_SEND_RESTART_WRITE
		i2_do_I2C_SEND_RESTART
 This function uses a non-reentrant model


 *************** function i2_i2c1_driver_sendACK *****************
 Defined at:
		line 196 in file "mcc_generated_files/i2c1_driver.c"
 Parameters:    Size  Location     Type
		None
 Auto vars:     Size  Location     Type
		None
 Return value:  Size  Location     Type
                  1    wreg      void 
 Registers used:
		None
 Tracked objects:
		On entry : 
		On exit  : 
		Unchanged: 
 Data sizes:     COMRAM   BANK0   BANK1   BANK2   BANK3   BANK4   BANK5
      Params:         0       0       0       0       0       0       0
      Locals:         0       0       0       0       0       0       0
      Temps:          0       0       0       0       0       0       0
      Totals:         0       0       0       0       0       0       0
Total ram usage:        0 bytes
 Hardware stack levels used:    1
 This function calls:
		Nothing
 This function is called by:
		i2_do_I2C_DO_ACK
		i2_do_I2C_RX
 This function uses a non-reentrant model


 *************** function _i2c_busCollisionISR *****************
 Defined at:
		line 500 in file "mcc_generated_files/drivers/i2c_master.c"
 Parameters:    Size  Location     Type
		None
 Auto vars:     Size  Location     Type
		None
 Return value:  Size  Location     Type
                  1    wreg      void 
 Registers used:
		cstack
 Tracked objects:
		On entry : 
		On exit  : 
		Unchanged: 
 Data sizes:     COMRAM   BANK0   BANK1   BANK2   BANK3   BANK4   BANK5
      Params:         0       0       0       0       0       0       0
      Locals:         0       0       0       0       0       0       0
      Temps:          0       0       0       0       0       0       0
      Totals:         0       0       0       0       0       0       0
Total ram usage:        0 bytes
 Hardware stack levels used:    1
 Hardware stack levels required when called:    1
 This function calls:
		_i2c1_driver_clearBusCollision
 This function is called by:
		_i2c_open
		_INTERRUPT_InterruptManager
 This function uses a non-reentrant model


 *************** function _i2c1_driver_clearBusCollision *****************
 Defined at:
		line 253 in file "mcc_generated_files/i2c1_driver.c"
 Parameters:    Size  Location     Type
		None
 Auto vars:     Size  Location     Type
		None
 Return value:  Size  Location     Type
                  1    wreg      void 
 Registers used:
		None
 Tracked objects:
		On entry : 
		On exit  : 
		Unchanged: 
 Data sizes:     COMRAM   BANK0   BANK1   BANK2   BANK3   BANK4   BANK5
      Params:         0       0       0       0       0       0       0
      Locals:         0       0       0       0       0       0       0
      Temps:          0       0       0       0       0       0       0
      Totals:         0       0       0       0       0       0       0
Total ram usage:        0 bytes
 Hardware stack levels used:    1
 This function calls:
		Nothing
 This function is called by:
		_i2c_busCollisionISR
 This function uses a non-reentrant model


 *************** function _EUSART1_Transmit_ISR *****************
 Defined at:
		line 183 in file "mcc_generated_files/eusart1.c"
 Parameters:    Size  Location     Type
		None
 Auto vars:     Size  Location     Type
		None
 Return value:  Size  Location     Type
                  1    wreg      void 
 Registers used:
		wreg, fsr2l, fsr2h, status,2, status,0, prodl, prodh
 Tracked objects:
		On entry : 
		On exit  : 
		Unchanged: 
 Data sizes:     COMRAM   BANK0   BANK1   BANK2   BANK3   BANK4   BANK5
      Params:         0       0       0       0       0       0       0
      Locals:         0       0       0       0       0       0       0
      Temps:          0       0       0       0       0       0       0
      Totals:         0       0       0       0       0       0       0
Total ram usage:        0 bytes
 Hardware stack levels used:    1
 This function calls:
		Nothing
 This function is called by:
		_EUSART1_Initialize
		_INTERRUPT_InterruptManager
 This function uses a non-reentrant model


 *************** function _EUSART1_Receive_ISR *****************
 Defined at:
		line 202 in file "mcc_generated_files/eusart1.c"
 Parameters:    Size  Location     Type
		None
 Auto vars:     Size  Location     Type
		None
 Return value:  Size  Location     Type
                  1    wreg      void 
 Registers used:
		wreg, fsr2l, fsr2h, status,2, status,0, prodl, prodh
 Tracked objects:
		On entry : 
		On exit  : 
		Unchanged: 
 Data sizes:     COMRAM   BANK0   BANK1   BANK2   BANK3   BANK4   BANK5
      Params:         0       0       0       0       0       0       0
      Locals:         0       0       0       0       0       0       0
      Temps:          0       0       0       0       0       0       0
      Totals:         0       0       0       0       0       0       0
Total ram usage:        0 bytes
 Hardware stack levels used:    1
 This function calls:
		Nothing
 This function is called by:
		_EUSART1_Initialize
		_INTERRUPT_InterruptManager
 This function uses a non-reentrant model



MODULE INFORMATION

Module		Function		Class		Link	Load	Size
/Applications/microchip/xc8/v1.45/sources/common/doprnt.c
		_printf        		CODE           	0EB6	0000	43

/Applications/microchip/xc8/v1.45/sources/common/doprnt.c estimated size: 43

mcc_generated_files/interrupt_manager.c
		_INTERRUPT_Initialize		CODE           	11FA	0000	5
		_INTERRUPT_InterruptManager		CODE           	0008	0000	251

mcc_generated_files/interrupt_manager.c estimated size: 256

mcc_generated_files/pin_manager.c
		_PIN_MANAGER_Initialize		CODE           	0EE0	0000	43

mcc_generated_files/pin_manager.c estimated size: 43

shared
		i2_returnReset 		CODE           	122E	0000	5
		i2_do_I2C_SEND_ADR_READ		CODE           	1082	0000	17
		i2_do_I2C_DO_NACK_STOP		CODE           	11A4	0000	9
		i2_mssp1_clearIRQ		CODE           	121E	0000	5
		i2_do_I2C_SEND_RESTART		CODE           	11BC	0000	9
		i2_do_I2C_TX_EMPTY		CODE           	0B0E	0000	89
		i2_do_I2C_DO_NACK_RESTART		CODE           	119C	0000	9
		i2_do_I2C_SEND_RESTART_READ		CODE           	11CC	0000	9
		i2_do_I2C_DO_ADDRESS_NACK		CODE           	0D34	0000	73
		i2_do_I2C_RX   		CODE           	09D0	0000	117
		i2_do_I2C_TX   		CODE           	08C6	0000	145
		i2_i2c_ISR     		CODE           	0CEC	0000	73
		i2_i2c1_driver_sendNACK		CODE           	11E8	0000	7
		i2_do_I2C_IDLE 		CODE           	113A	0000	13
		i2_do_I2C_RCEN 		CODE           	112E	0000	13
		i2_i2c1_driver_isNACK		CODE           	0FE0	0000	23
		__initialization		CODE           	0D7C	0000	57
		i2_mssp1_setIRQ		CODE           	1222	0000	5
		i2_i2c1_driver_restart		CODE           	123A	0000	5
		i2_i2c1_driver_stop		CODE           	1236	0000	5
		i2_do_I2C_RESET		CODE           	1092	0000	17
		i2_i2c1_driver_startRX		CODE           	122A	0000	5
		i2_i2c1_driver_resetBus		CODE           	1244	0000	3
		i2_i2c1_driver_sendACK		CODE           	11EE	0000	7
		i2_do_I2C_SEND_INITIAL_READ		CODE           	1072	0000	17
		i2_do_I2C_SEND_RESTART_WRITE		CODE           	11C4	0000	9
		i2_do_I2C_DO_ACK		CODE           	11AC	0000	9
		i2_do_I2C_SEND_ADR_WRITE		CODE           	1062	0000	17
		i2_i2c1_driver_getRXData		CODE           	1226	0000	5
		i2_do_I2C_SEND_STOP		CODE           	11B4	0000	9
		i2_i2c1_driver_TXData		CODE           	11D4	0000	9
		i2_do_I2C_TX_REGISTER		CODE           	1120	0000	15
		i2_returnStop  		CODE           	1232	0000	5

shared estimated size: 815

mcc_generated_files/eusart1.c
		_EUSART1_SetRxInterruptHandler		CODE           	115A	0000	11
		_EUSART1_SetTxInterruptHandler		CODE           	1150	0000	11
		_EUSART1_Initialize		CODE           	0C58	0000	77
		_putch         		CODE           	1146	0000	11
		_EUSART1_Write 		CODE           	0DC2	0000	59
		_EUSART1_Receive_ISR		CODE           	0E8A	0000	45
		_EUSART1_Transmit_ISR		CODE           	0E5C	0000	47

mcc_generated_files/eusart1.c estimated size: 261

mcc_generated_files/mcc.c
		_OSCILLATOR_Initialize		CODE           	10A2	0000	15
		_SYSTEM_Initialize		CODE           	100A	0000	19

mcc_generated_files/mcc.c estimated size: 34

mcc_generated_files/drivers/i2c_master.c
		_returnStop    		CODE           	1182	0000	11
		_i2c_setBuffer 		CODE           	0F28	0000	27
		_i2c_busCollisionISR		CODE           	11F4	0000	7
		_i2c_ISR       		CODE           	0BBC	0000	79
		_i2c_close     		CODE           	0F0A	0000	31
		_do_I2C_TX_REGISTER		CODE           	0FF6	0000	21
		_i2c_masterOperation		CODE           	0CA4	0000	73
		_do_I2C_TX_EMPTY		CODE           	0AB0	0000	95
		_i2c_masterAccelRead		CODE           	10B0	0000	15
		_returnReset   		CODE           	1178	0000	11
		_do_I2C_SEND_RESTART_WRITE		CODE           	1104	0000	15
		_i2c_poller    		CODE           	0F42	0000	27
		_i2c_masterWrite		CODE           	118C	0000	9
		_do_I2C_DO_NACK_RESTART		CODE           	10BE	0000	15
		_do_I2C_SEND_RESTART_READ		CODE           	1112	0000	15
		_do_I2C_SEND_ADR_WRITE		CODE           	0F72	0000	23
		_do_I2C_SEND_STOP		CODE           	10E8	0000	15
		_i2c_open      		CODE           	0704	0000	155
		_do_I2C_SEND_ADR_READ		CODE           	0F9E	0000	23
		_do_I2C_DO_NACK_STOP		CODE           	10CC	0000	15
		_do_I2C_SEND_RESTART		CODE           	10F6	0000	15
		_do_I2C_RX     		CODE           	0956	0000	123
		_do_I2C_TX     		CODE           	079E	0000	151
		_do_I2C_IDLE   		CODE           	1040	0000	19
		_do_I2C_RCEN   		CODE           	102E	0000	19
		_do_I2C_DO_ADDRESS_NACK		CODE           	0C0A	0000	79
		_do_I2C_SEND_INITIAL_READ		CODE           	0F88	0000	23
		_do_I2C_RESET  		CODE           	0FB4	0000	23
		_do_I2C_DO_ACK 		CODE           	10DA	0000	15

mcc_generated_files/drivers/i2c_master.c estimated size: 1149

mcc_generated_files/i2c1_driver.c
		_mssp1_waitForEvent		CODE           	101C	0000	19
		_i2c1_driver_open		CODE           	0F5C	0000	23
		_mssp1_disableIRQ		CODE           	1216	0000	5
		_i2c1_driver_isNACK		CODE           	0FCA	0000	23
		_i2c1_driver_stop		CODE           	120A	0000	5
		_i2c1_driver_getRXData		CODE           	1202	0000	5
		_i2c1_driver_TXData		CODE           	1194	0000	9
		_i2c1_driver_setBusCollisionISR		CODE           	116E	0000	11
		_i2c1_driver_start		CODE           	1212	0000	5
		_i2c1_driver_sendACK		CODE           	11E2	0000	7
		_mssp1_setIRQ  		CODE           	11FE	0000	5
		_i2c1_driver_sendNACK		CODE           	11DC	0000	7
		_i2c1_driver_restart		CODE           	120E	0000	5
		_i2c1_driver_resetBus		CODE           	1242	0000	3
		_i2c1_driver_clearBusCollision		CODE           	123E	0000	5
		_mssp1_clearIRQ		CODE           	121A	0000	5
		_i2c1_driver_startRX		CODE           	1206	0000	5
		_i2c1_driver_setI2cISR		CODE           	1164	0000	11
		_mssp1_IRQisEnabled		CODE           	1052	0000	17

mcc_generated_files/i2c1_driver.c estimated size: 175

main.c
		_main          		CODE           	0606	0000	255

main.c estimated size: 255

accelerometer.c
		_write_register		CODE           	0DFC	0000	51
		_ACCELEROMETER_Initialize		CODE           	0A44	0000	109
		_read_xyzvalues		CODE           	0834	0000	147
		_read_register 		CODE           	0E2E	0000	47

accelerometer.c estimated size: 354

