Microchip MPLAB XC8 Compiler V1.45 ()

Linker command line:

-W-3 --edf=/Applications/microchip/xc8/v1.45/dat/en_msgs.txt -cs \
  -h+dist/default/production/RemoteFinal.X.production.sym \
  --cmf=dist/default/production/RemoteFinal.X.production.cmf -z -Q18F25K22 \
  -o/tmp/xcLSiOLZ1 -Mdist/default/production/RemoteFinal.X.production.map \
  -E1 -ver=XC8 -ASTACK=0132h-05ffh -pstack=STACK -ACODE=00h-07FFFh \
  -ACONST=00h-07FFFh -ASMALLCONST=0600h-06FFhx122 \
  -AMEDIUMCONST=0600h-07FFFh -ACOMRAM=01h-05Fh -AABS1=00h-05FFh \
  -ABIGRAM=01h-05FFh -ARAM=060h-0FFh,0100h-01FFhx5 -ABANK0=060h-0FFh \
  -ABANK1=0100h-01FFh -ABANK2=0200h-02FFh -ABANK3=0300h-03FFh \
  -ABANK4=0400h-04FFh -ABANK5=0500h-05FFh -ASFR=0F38h-0F5Fh,0F60h-0FFFh \
  -preset_vec=00h,intcode=08h,intcodelo,powerup,init -pramtop=0600h \
  -psmallconst=SMALLCONST -pmediumconst=MEDIUMCONST -pconst=CONST \
  -AFARRAM=00h-00h -ACONFIG=0300000h-030000Dh -pconfig=CONFIG \
  -AIDLOC=0200000h-0200007h -pidloc=IDLOC -AEEDATA=0F00000h-0F000FFh \
  -peeprom_data=EEDATA \
  -prdata=COMRAM,nvrram=COMRAM,nvbit=COMRAM,rbss=COMRAM,rbit=COMRAM \
  -pfarbss=FARRAM,fardata=FARRAM,nvFARRAM=FARRAM \
  -pintsave_regs=BIGRAM,bigbss=BIGRAM,bigdata=BIGRAM -pbss=RAM \
  -pidata=CODE,irdata=CODE,ibigdata=CODE,ifardata=CODE -prparam=COMRAM \
  /tmp/xclDRqVeK.obj dist/default/production/RemoteFinal.X.production.obj 

Object code version is 3.11

Machine type is 18F25K22

Call graph: (short form)




                Name                               Link     Load   Length Selector   Space Scale
/tmp/xclDRqVeK.obj
                init                                106      106        4        4       0
                reset_vec                             0        0        4        0       0
                idloc                            200000   200000        8   200000       0
                config                           300000   300000        E   300000       0
dist/default/production/RemoteFinal.X.production.obj
                intcode                               8        8       FE        4       0
                temp                                 4A       4A        1        1       1
                smallconst                          600      600       2E      300       0
                text100                            1030     1030       2C      317       0
                text99                             1002     1002       2E      317       0
                text98                             13DE     13DE        4      317       0
                text97                             1394     1394        6      317       0
                text96                             138E     138E        6      317       0
                text95                             13DA     13DA        4      317       0
                text94                             13D6     13D6        4      317       0
                text93                             13D2     13D2        4      317       0
                text92                             13CE     13CE        4      317       0
                text91                             13CA     13CA        4      317       0
                text90                             13E4     13E4        2      317       0
                text89                             1388     1388        6      317       0
                text88                             13C6     13C6        4      317       0
                text87                             1374     1374        8      317       0
                text86                             1180     1180       16      317       0
                text85                             13C2     13C2        4      317       0
                text84                             12C0     12C0        E      317       0
                text83                             1232     1232       10      317       0
                text82                             12DA     12DA        C      317       0
                text81                             136C     136C        8      317       0
                text80                             1364     1364        8      317       0
                text79                             135C     135C        8      317       0
                text78                             1354     1354        8      317       0
                text77                             1222     1222       10      317       0
                text76                             1212     1212       10      317       0
                text75                             1202     1202       10      317       0
                text74                             12CE     12CE        C      317       0
                text73                             134C     134C        8      317       0
                text72                             1344     1344        8      317       0
                text71                             133C     133C        8      317       0
                text70                              EAC      EAC       48      317       0
                text69                              91A      91A       90      317       0
                text68                              A24      A24       74      317       0
                text67                              C8A      C8A       58      317       0
                text66                             13BE     13BE        4      317       0
                text65                              E64      E64       48      317       0
                text63                             13BA     13BA        4      317       0
                text62                             13B6     13B6        4      317       0
                text61                             10AA     10AA       1E      317       0
                text60                             13B2     13B2        4      317       0
                text59                             1382     1382        6      317       0
                text58                             13AE     13AE        4      317       0
                text57                             13AA     13AA        4      317       0
                text56                             1322     1322        A      317       0
                text55                             1318     1318        A      317       0
                text54                             13A6     13A6        4      317       0
                text53                             13E2     13E2        2      317       0
                text52                             137C     137C        6      317       0
                text51                             13A2     13A2        4      317       0
                text50                             1334     1334        8      317       0
                text49                             116A     116A       16      317       0
                text48                             139E     139E        4      317       0
                text47                             1196     1196       14      317       0
                text46                             1154     1154       16      317       0
                text45                             11E0     11E0       12      317       0
                text44                             12B2     12B2        E      317       0
                text43                             12A4     12A4        E      317       0
                text42                             1296     1296        E      317       0
                text41                             1288     1288        E      317       0
                text40                             113E     113E       16      317       0
                text39                             1128     1128       16      317       0
                text38                             1112     1112       16      317       0
                text37                             11CE     11CE       12      317       0
                text36                             127A     127A        E      317       0
                text35                             126C     126C        E      317       0
                text34                             125E     125E        E      317       0
                text33                              D82      D82       4E      317       0
                text32                              7F2      7F2       96      317       0
                text31                              9AA      9AA       7A      317       0
                text30                              C2C      C2C       5E      317       0
                text29                              D34      D34       4E      317       0
                text28                             11BC     11BC       12      317       0
                text27                             10E2     10E2       1A      317       0
                text26                             11F2     11F2       10      317       0
                text25                              E1C      E1C       48      317       0
                text24                             1250     1250        E      317       0
                text23                             10FC     10FC       16      317       0
                text22                             130E     130E        A      317       0
                text21                             1304     1304        A      317       0
                text20                              758      758       9A      317       0
                text19                             10C8     10C8       1A      317       0
                text18                              FD4      FD4       2E      317       0
                text17                             132C     132C        8      317       0
                text16                              FA2      FA2       32      317       0
                text15                              A98      A98       6C      317       0
                text14                             12FA     12FA        A      317       0
                text13                             12F0     12F0        A      317       0
                text12                              DD0      DD0       4C      317       0
                text11                             139A     139A        4      317       0
                text10                             1242     1242        E      317       0
                text9                              105C     105C       2A      317       0
                text8                              11AA     11AA       12      317       0
                text7                               F36      F36       3A      317       0
                text6                               BCC      BCC       60      317       0
                text5                               CE2      CE2       52      317       0
                text4                               EF4      EF4       42      317       0
                text3                              12E6     12E6        A      317       0
                text2                               62E      62E      12A      317       0
                text1                               888      888       92      317       0
                text0                               B6A      B6A       62      317       0
                cstackCOMRAM                         26       26       23        1       1
                cstackBANK0                          60       60       3A       60       1
                dataBANK1                           100      100       32      100       1
                dataBANK0                            BF       BF       24       60       1
                bssBANK0                             9A       9A       25       60       1
                bssCOMRAM                             1        1       25        1       1
                cinit                               B04      B04       66      317       0
                nvBANK0                              E3       E3        4       60       1
                nvCOMRAM                             49       49        1        1       1
                idataBANK1                          F70      F70       32      317       0
                idataBANK0                         1086     1086       24      317       0

TOTAL           Name                               Link     Load   Length     Space
        CLASS   STACK          

        CLASS   CODE           
                intcode                               8        8       FE         0
                init                                106      106        4         0
                reset_vec                             0        0        4         0
                text100                            1030     1030       2C         0
                text99                             1002     1002       2E         0
                text98                             13DE     13DE        4         0
                text97                             1394     1394        6         0
                text96                             138E     138E        6         0
                text95                             13DA     13DA        4         0
                text94                             13D6     13D6        4         0
                text93                             13D2     13D2        4         0
                text92                             13CE     13CE        4         0
                text91                             13CA     13CA        4         0
                text90                             13E4     13E4        2         0
                text89                             1388     1388        6         0
                text88                             13C6     13C6        4         0
                text87                             1374     1374        8         0
                text86                             1180     1180       16         0
                text85                             13C2     13C2        4         0
                text84                             12C0     12C0        E         0
                text83                             1232     1232       10         0
                text82                             12DA     12DA        C         0
                text81                             136C     136C        8         0
                text80                             1364     1364        8         0
                text79                             135C     135C        8         0
                text78                             1354     1354        8         0
                text77                             1222     1222       10         0
                text76                             1212     1212       10         0
                text75                             1202     1202       10         0
                text74                             12CE     12CE        C         0
                text73                             134C     134C        8         0
                text72                             1344     1344        8         0
                text71                             133C     133C        8         0
                text70                              EAC      EAC       48         0
                text69                              91A      91A       90         0
                text68                              A24      A24       74         0
                text67                              C8A      C8A       58         0
                text66                             13BE     13BE        4         0
                text65                              E64      E64       48         0
                text63                             13BA     13BA        4         0
                text62                             13B6     13B6        4         0
                text61                             10AA     10AA       1E         0
                text60                             13B2     13B2        4         0
                text59                             1382     1382        6         0
                text58                             13AE     13AE        4         0
                text57                             13AA     13AA        4         0
                text56                             1322     1322        A         0
                text55                             1318     1318        A         0
                text54                             13A6     13A6        4         0
                text53                             13E2     13E2        2         0
                text52                             137C     137C        6         0
                text51                             13A2     13A2        4         0
                text50                             1334     1334        8         0
                text49                             116A     116A       16         0
                text48                             139E     139E        4         0
                text47                             1196     1196       14         0
                text46                             1154     1154       16         0
                text45                             11E0     11E0       12         0
                text44                             12B2     12B2        E         0
                text43                             12A4     12A4        E         0
                text42                             1296     1296        E         0
                text41                             1288     1288        E         0
                text40                             113E     113E       16         0
                text39                             1128     1128       16         0
                text38                             1112     1112       16         0
                text37                             11CE     11CE       12         0
                text36                             127A     127A        E         0
                text35                             126C     126C        E         0
                text34                             125E     125E        E         0
                text33                              D82      D82       4E         0
                text32                              7F2      7F2       96         0
                text31                              9AA      9AA       7A         0
                text30                              C2C      C2C       5E         0
                text29                              D34      D34       4E         0
                text28                             11BC     11BC       12         0
                text27                             10E2     10E2       1A         0
                text26                             11F2     11F2       10         0
                text25                              E1C      E1C       48         0
                text24                             1250     1250        E         0
                text23                             10FC     10FC       16         0
                text22                             130E     130E        A         0
                text21                             1304     1304        A         0
                text20                              758      758       9A         0
                text19                             10C8     10C8       1A         0
                text18                              FD4      FD4       2E         0
                text17                             132C     132C        8         0
                text16                              FA2      FA2       32         0
                text15                              A98      A98       6C         0
                text14                             12FA     12FA        A         0
                text13                             12F0     12F0        A         0
                text12                              DD0      DD0       4C         0
                text11                             139A     139A        4         0
                text10                             1242     1242        E         0
                text9                              105C     105C       2A         0
                text8                              11AA     11AA       12         0
                text7                               F36      F36       3A         0
                text6                               BCC      BCC       60         0
                text5                               CE2      CE2       52         0
                text4                               EF4      EF4       42         0
                text3                              12E6     12E6        A         0
                text2                               62E      62E      12A         0
                text1                               888      888       92         0
                text0                               B6A      B6A       62         0
                cinit                               B04      B04       66         0
                idataBANK1                          F70      F70       32         0
                idataBANK0                         1086     1086       24         0

        CLASS   CONST          

        CLASS   SMALLCONST     
                smallconst                          600      600       2E         0

        CLASS   MEDIUMCONST    

        CLASS   COMRAM         
                temp                                 4A       4A        1         1
                cstackCOMRAM                         26       26       23         1
                bssCOMRAM                             1        1       25         1
                nvCOMRAM                             49       49        1         1

        CLASS   ABS1           

        CLASS   BIGRAM         

        CLASS   RAM            

        CLASS   BANK0          
                cstackBANK0                          60       60       3A         1
                dataBANK0                            BF       BF       24         1
                bssBANK0                             9A       9A       25         1
                nvBANK0                              E3       E3        4         1

        CLASS   BANK1          
                dataBANK1                           100      100       32         1

        CLASS   BANK2          

        CLASS   BANK3          

        CLASS   BANK4          

        CLASS   BANK5          

        CLASS   SFR            

        CLASS   FARRAM         

        CLASS   CONFIG         
                config                           300000   300000        E         0

        CLASS   IDLOC          
                idloc                            200000   200000        8         0

        CLASS   EEDATA         



SEGMENTS        Name                           Load    Length   Top    Selector   Space  Class

                reset_vec                      000000  000004  000004         0       0  CODE    
                bssCOMRAM                      000001  00004A  00004B         1       1  COMRAM  
                intcode                        000008  000102  00010A         4       0  CODE    
                cstackBANK0                    000060  000087  0000E7        60       1  BANK0   
                dataBANK1                      000100  000032  000132       100       1  BANK1   
                smallconst                     000600  00002E  00062E       300       0  SMALLCON
                text2                          00062E  000DB8  0013E6       317       0  CODE    
                idloc                          200000  000008  200008    200000       0  IDLOC   
                config                         300000  00000E  30000E    300000       0  CONFIG  


UNUSED ADDRESS RANGES

        Name                Unused          Largest block    Delta
        BANK0            0000E7-0000FF               19
        BANK1            000132-0001FF               CE
        BANK2            000200-0002FF              100
        BANK3            000300-0003FF              100
        BANK4            000400-0004FF              100
        BANK5            000500-0005FF              100
        BIGRAM           00004B-00005F               15
                         0000E7-0000FF               19
                         000132-0005FF              4CE
        CODE             000004-000007                4
                         00010A-0005FF              4F6
                         0013E6-007FFF             6C1A
        COMRAM           00004B-00005F               15
        CONST            000004-000007                4
                         00010A-0005FF              4F6
                         0013E6-007FFF             6C1A
        EEDATA           F00000-F000FF              100
        MEDIUMCONST      0013E6-007FFF             6C1A
        RAM              0000E7-0000FF               19
                         000132-0005FF              100
        SFR              000F38-000FFF               28
        SMALLCONST       0013E6-007FFF              100
        STACK            000132-0005FF              4CE

                                  Symbol Table

?___lwdiv                                cstackCOMRAM 00003A
?___lwmod                                cstackCOMRAM 000041
?_printf                                 cstackBANK0  000060
?_read_xyzvalues                         cstackCOMRAM 000040
EUSART1_SetRxInterruptHandler@handler    cstackCOMRAM 00003A
EUSART1_SetTxInterruptHandler@handler    cstackCOMRAM 00003A
EUSART1_Write@txData                     cstackCOMRAM 00003A
_ACCELEROMETER_Initialize                text15       000A98
_ANSELA                                  (abs)        000F38
_ANSELB                                  (abs)        000F39
_ANSELC                                  (abs)        000F3A
_BAUDCON1                                (abs)        000FB8
_EUSART1_Initialize                      text12       000DD0
_EUSART1_Receive_ISR                     text100      001030
_EUSART1_RxDefaultInterruptHandler       nvBANK0      0000E3
_EUSART1_SetRxInterruptHandler           text14       0012FA
_EUSART1_SetTxInterruptHandler           text13       0012F0
_EUSART1_Transmit_ISR                    text99       001002
_EUSART1_TxDefaultInterruptHandler       nvBANK0      0000E5
_EUSART1_Write                           text7        000F36
_INTCON2bits                             (abs)        000FF1
_INTCONbits                              (abs)        000FF2
_INTERRUPT_Initialize                    text11       00139A
_INTERRUPT_InterruptManager              intcode      000008
_LATA                                    (abs)        000F89
_LATB                                    (abs)        000F8A
_LATC                                    (abs)        000F8B
_OSCCON                                  (abs)        000FD3
_OSCCON2                                 (abs)        000FD2
_OSCILLATOR_Initialize                   text10       001242
_OSCTUNE                                 (abs)        000F9B
_PIE1bits                                (abs)        000F9D
_PIE2bits                                (abs)        000FA0
_PIN_MANAGER_Initialize                  text9        00105C
_PIR1bits                                (abs)        000F9E
_PIR2bits                                (abs)        000FA1
_RCONbits                                (abs)        000FD0
_RCREG1                                  (abs)        000FAE
_RCSTA1                                  (abs)        000FAB
_RCSTA1bits                              (abs)        000FAB
_SPBRG1                                  (abs)        000FAF
_SPBRGH1                                 (abs)        000FB0
_SSP1ADD                                 (abs)        000FC8
_SSP1BUF                                 (abs)        000FC9
_SSP1CON1                                (abs)        000FC6
_SSP1CON1bits                            (abs)        000FC6
_SSP1CON2                                (abs)        000FC5
_SSP1CON2bits                            (abs)        000FC5
_SSP1MSK                                 (abs)        000FCA
_SSP1STAT                                (abs)        000FC7
_SSP1STATbits                            (abs)        000FC7
_SYSTEM_Initialize                       text8        0011AA
_TRISA                                   (abs)        000F92
_TRISB                                   (abs)        000F93
_TRISC                                   (abs)        000F94
_TXREG1                                  (abs)        000FAD
_TXSTA1                                  (abs)        000FAC
_TXSTA1bits                              (abs)        000FAC
_WPUB                                    (abs)        000F61
__CFG_BOREN$SBORDIS                      (abs)        000000
__CFG_BORV$190                           (abs)        000000
__CFG_CCP2MX$PORTC1                      (abs)        000000
__CFG_CCP3MX$PORTB5                      (abs)        000000
__CFG_CP0$OFF                            (abs)        000000
__CFG_CP1$OFF                            (abs)        000000
__CFG_CP2$OFF                            (abs)        000000
__CFG_CP3$OFF                            (abs)        000000
__CFG_CPB$OFF                            (abs)        000000
__CFG_CPD$OFF                            (abs)        000000
__CFG_DEBUG$OFF                          (abs)        000000
__CFG_EBTR0$OFF                          (abs)        000000
__CFG_EBTR1$OFF                          (abs)        000000
__CFG_EBTR2$OFF                          (abs)        000000
__CFG_EBTR3$OFF                          (abs)        000000
__CFG_EBTRB$OFF                          (abs)        000000
__CFG_FCMEN$OFF                          (abs)        000000
__CFG_FOSC$INTIO67                       (abs)        000000
__CFG_HFOFST$ON                          (abs)        000000
__CFG_IESO$OFF                           (abs)        000000
__CFG_LVP$ON                             (abs)        000000
__CFG_MCLRE$EXTMCLR                      (abs)        000000
__CFG_P2BMX$PORTB5                       (abs)        000000
__CFG_PBADEN$ON                          (abs)        000000
__CFG_PLLCFG$OFF                         (abs)        000000
__CFG_PRICLKEN$ON                        (abs)        000000
__CFG_PWRTEN$OFF                         (abs)        000000
__CFG_STVREN$ON                          (abs)        000000
__CFG_T3CMX$PORTC0                       (abs)        000000
__CFG_WDTEN$OFF                          (abs)        000000
__CFG_WDTPS$32768                        (abs)        000000
__CFG_WRT0$OFF                           (abs)        000000
__CFG_WRT1$OFF                           (abs)        000000
__CFG_WRT2$OFF                           (abs)        000000
__CFG_WRT3$OFF                           (abs)        000000
__CFG_WRTB$OFF                           (abs)        000000
__CFG_WRTC$OFF                           (abs)        000000
__CFG_WRTD$OFF                           (abs)        000000
__CFG_XINST$OFF                          (abs)        000000
__HRAM                                   (abs)        000000
__Habs1                                  abs1         000000
__Hbank0                                 bank0        000000
__Hbank1                                 bank1        000000
__Hbank2                                 bank2        000000
__Hbank3                                 bank3        000000
__Hbank4                                 bank4        000000
__Hbank5                                 bank5        000000
__Hbigbss                                bigbss       000000
__Hbigdata                               bigdata      000000
__Hbigram                                bigram       000000
__Hbss                                   bss          000000
__HbssBANK0                              bssBANK0     000000
__HbssCOMRAM                             bssCOMRAM    000000
__Hcinit                                 cinit        000000
__Hclrtext                               clrtext      000000
__Hcomram                                comram       000000
__Hconfig                                config       30000E
__Hconst                                 const        000000
__HcstackBANK0                           cstackBANK0  000000
__HcstackCOMRAM                          cstackCOMRAM 000000
__Hdata                                  data         000000
__HdataBANK0                             dataBANK0    000000
__HdataBANK1                             dataBANK1    000000
__Heeprom_data                           eeprom_data  000000
__Hfarbss                                farbss       000000
__Hfardata                               fardata      000000
__Hibigdata                              ibigdata     000000
__Hidata                                 idata        000000
__HidataBANK0                            idataBANK0   000000
__HidataBANK1                            idataBANK1   000000
__Hidloc                                 idloc        200008
__Hifardata                              ifardata     000000
__Hinit                                  init         00010A
__Hintcode                               intcode      000106
__Hintcode_body                          intcode_body 000000
__Hintcodelo                             intcodelo    000106
__Hintentry                              intentry     000000
__Hintret                                intret       000000
__Hintsave_regs                          intsave_regs 000000
__Hirdata                                irdata       000000
__Hmediumconst                           mediumconst  000000
__HnvBANK0                               nvBANK0      000000
__HnvCOMRAM                              nvCOMRAM     000000
__HnvFARRAM                              nvFARRAM     000000
__Hnvbit                                 nvbit        000000
__Hnvrram                                nvrram       000000
__Hparam                                 rparam       000000
__Hpowerup                               powerup      000106
__Hram                                   ram          000000
__Hramtop                                ramtop       000600
__Hrbit                                  rbit         000000
__Hrbss                                  rbss         000000
__Hrdata                                 rdata        000000
__Hreset_vec                             reset_vec    000004
__Hrparam                                rparam       000000
__Hsfr                                   sfr          000000
__Hsmallconst                            smallconst   00062E
__Hspace_0                               (abs)        30000E
__Hspace_1                               (abs)        000132
__Hspace_2                               (abs)        000000
__Hstack                                 stack        000000
__Hstruct                                struct       000000
__Htemp                                  temp         00004B
__Htext                                  text         000000
__Htext0                                 text0        000000
__Htext1                                 text1        000000
__Htext10                                text10       000000
__Htext100                               text100      000000
__Htext101                               text101      000000
__Htext11                                text11       000000
__Htext12                                text12       000000
__Htext13                                text13       000000
__Htext14                                text14       000000
__Htext15                                text15       000000
__Htext16                                text16       000000
__Htext17                                text17       000000
__Htext18                                text18       000000
__Htext19                                text19       000000
__Htext2                                 text2        000000
__Htext20                                text20       000000
__Htext21                                text21       000000
__Htext22                                text22       000000
__Htext23                                text23       000000
__Htext24                                text24       000000
__Htext25                                text25       000000
__Htext26                                text26       000000
__Htext27                                text27       000000
__Htext28                                text28       000000
__Htext29                                text29       000000
__Htext3                                 text3        000000
__Htext30                                text30       000000
__Htext31                                text31       000000
__Htext32                                text32       000000
__Htext33                                text33       000000
__Htext34                                text34       000000
__Htext35                                text35       000000
__Htext36                                text36       000000
__Htext37                                text37       000000
__Htext38                                text38       000000
__Htext39                                text39       000000
__Htext4                                 text4        000000
__Htext40                                text40       000000
__Htext41                                text41       000000
__Htext42                                text42       000000
__Htext43                                text43       000000
__Htext44                                text44       000000
__Htext45                                text45       000000
__Htext46                                text46       000000
__Htext47                                text47       000000
__Htext48                                text48       000000
__Htext49                                text49       000000
__Htext5                                 text5        000000
__Htext50                                text50       000000
__Htext51                                text51       000000
__Htext52                                text52       000000
__Htext53                                text53       000000
__Htext54                                text54       000000
__Htext55                                text55       000000
__Htext56                                text56       000000
__Htext57                                text57       000000
__Htext58                                text58       000000
__Htext59                                text59       000000
__Htext6                                 text6        000000
__Htext60                                text60       000000
__Htext61                                text61       000000
__Htext62                                text62       000000
__Htext63                                text63       000000
__Htext65                                text65       000000
__Htext66                                text66       000000
__Htext67                                text67       000000
__Htext68                                text68       000000
__Htext69                                text69       000000
__Htext7                                 text7        000000
__Htext70                                text70       000000
__Htext71                                text71       000000
__Htext72                                text72       000000
__Htext73                                text73       000000
__Htext74                                text74       000000
__Htext75                                text75       000000
__Htext76                                text76       000000
__Htext77                                text77       000000
__Htext78                                text78       000000
__Htext79                                text79       000000
__Htext8                                 text8        000000
__Htext80                                text80       000000
__Htext81                                text81       000000
__Htext82                                text82       000000
__Htext83                                text83       000000
__Htext84                                text84       000000
__Htext85                                text85       000000
__Htext86                                text86       000000
__Htext87                                text87       000000
__Htext88                                text88       000000
__Htext89                                text89       000000
__Htext9                                 text9        000000
__Htext90                                text90       000000
__Htext91                                text91       000000
__Htext92                                text92       000000
__Htext93                                text93       000000
__Htext94                                text94       000000
__Htext95                                text95       000000
__Htext96                                text96       000000
__Htext97                                text97       000000
__Htext98                                text98       000000
__Htext99                                text99       000000
__LRAM                                   (abs)        000001
__Labs1                                  abs1         000000
__Lbank0                                 bank0        000000
__Lbank1                                 bank1        000000
__Lbank2                                 bank2        000000
__Lbank3                                 bank3        000000
__Lbank4                                 bank4        000000
__Lbank5                                 bank5        000000
__Lbigbss                                bigbss       000000
__Lbigdata                               bigdata      000000
__Lbigram                                bigram       000000
__Lbss                                   bss          000000
__LbssBANK0                              bssBANK0     000000
__LbssCOMRAM                             bssCOMRAM    000000
__Lcinit                                 cinit        000000
__Lclrtext                               clrtext      000000
__Lcomram                                comram       000000
__Lconfig                                config       300000
__Lconst                                 const        000000
__LcstackBANK0                           cstackBANK0  000000
__LcstackCOMRAM                          cstackCOMRAM 000000
__Ldata                                  data         000000
__LdataBANK0                             dataBANK0    000000
__LdataBANK1                             dataBANK1    000000
__Leeprom_data                           eeprom_data  000000
__Lfarbss                                farbss       000000
__Lfardata                               fardata      000000
__Libigdata                              ibigdata     000000
__Lidata                                 idata        000000
__LidataBANK0                            idataBANK0   000000
__LidataBANK1                            idataBANK1   000000
__Lidloc                                 idloc        200000
__Lifardata                              ifardata     000000
__Linit                                  init         000106
__Lintcode                               intcode      000008
__Lintcode_body                          intcode_body 000000
__Lintcodelo                             intcodelo    000106
__Lintentry                              intentry     000000
__Lintret                                intret       000000
__Lintsave_regs                          intsave_regs 000000
__Lirdata                                irdata       000000
__Lmediumconst                           mediumconst  000000
__LnvBANK0                               nvBANK0      000000
__LnvCOMRAM                              nvCOMRAM     000000
__LnvFARRAM                              nvFARRAM     000000
__Lnvbit                                 nvbit        000000
__Lnvrram                                nvrram       000000
__Lparam                                 rparam       000000
__Lpowerup                               powerup      000106
__Lram                                   ram          000000
__Lramtop                                ramtop       000600
__Lrbit                                  rbit         000000
__Lrbss                                  rbss         000000
__Lrdata                                 rdata        000000
__Lreset_vec                             reset_vec    000000
__Lrparam                                rparam       000000
__Lsfr                                   sfr          000000
__Lsmallconst                            smallconst   000600
__Lspace_0                               (abs)        000000
__Lspace_1                               (abs)        000000
__Lspace_2                               (abs)        000000
__Lstack                                 stack        000000
__Lstruct                                struct       000000
__Ltemp                                  temp         00004A
__Ltext                                  text         000000
__Ltext0                                 text0        000000
__Ltext1                                 text1        000000
__Ltext10                                text10       000000
__Ltext100                               text100      000000
__Ltext101                               text101      000000
__Ltext11                                text11       000000
__Ltext12                                text12       000000
__Ltext13                                text13       000000
__Ltext14                                text14       000000
__Ltext15                                text15       000000
__Ltext16                                text16       000000
__Ltext17                                text17       000000
__Ltext18                                text18       000000
__Ltext19                                text19       000000
__Ltext2                                 text2        000000
__Ltext20                                text20       000000
__Ltext21                                text21       000000
__Ltext22                                text22       000000
__Ltext23                                text23       000000
__Ltext24                                text24       000000
__Ltext25                                text25       000000
__Ltext26                                text26       000000
__Ltext27                                text27       000000
__Ltext28                                text28       000000
__Ltext29                                text29       000000
__Ltext3                                 text3        000000
__Ltext30                                text30       000000
__Ltext31                                text31       000000
__Ltext32                                text32       000000
__Ltext33                                text33       000000
__Ltext34                                text34       000000
__Ltext35                                text35       000000
__Ltext36                                text36       000000
__Ltext37                                text37       000000
__Ltext38                                text38       000000
__Ltext39                                text39       000000
__Ltext4                                 text4        000000
__Ltext40                                text40       000000
__Ltext41                                text41       000000
__Ltext42                                text42       000000
__Ltext43                                text43       000000
__Ltext44                                text44       000000
__Ltext45                                text45       000000
__Ltext46                                text46       000000
__Ltext47                                text47       000000
__Ltext48                                text48       000000
__Ltext49                                text49       000000
__Ltext5                                 text5        000000
__Ltext50                                text50       000000
__Ltext51                                text51       000000
__Ltext52                                text52       000000
__Ltext53                                text53       000000
__Ltext54                                text54       000000
__Ltext55                                text55       000000
__Ltext56                                text56       000000
__Ltext57                                text57       000000
__Ltext58                                text58       000000
__Ltext59                                text59       000000
__Ltext6                                 text6        000000
__Ltext60                                text60       000000
__Ltext61                                text61       000000
__Ltext62                                text62       000000
__Ltext63                                text63       000000
__Ltext65                                text65       000000
__Ltext66                                text66       000000
__Ltext67                                text67       000000
__Ltext68                                text68       000000
__Ltext69                                text69       000000
__Ltext7                                 text7        000000
__Ltext70                                text70       000000
__Ltext71                                text71       000000
__Ltext72                                text72       000000
__Ltext73                                text73       000000
__Ltext74                                text74       000000
__Ltext75                                text75       000000
__Ltext76                                text76       000000
__Ltext77                                text77       000000
__Ltext78                                text78       000000
__Ltext79                                text79       000000
__Ltext8                                 text8        000000
__Ltext80                                text80       000000
__Ltext81                                text81       000000
__Ltext82                                text82       000000
__Ltext83                                text83       000000
__Ltext84                                text84       000000
__Ltext85                                text85       000000
__Ltext86                                text86       000000
__Ltext87                                text87       000000
__Ltext88                                text88       000000
__Ltext89                                text89       000000
__Ltext9                                 text9        000000
__Ltext90                                text90       000000
__Ltext91                                text91       000000
__Ltext92                                text92       000000
__Ltext93                                text93       000000
__Ltext94                                text94       000000
__Ltext95                                text95       000000
__Ltext96                                text96       000000
__Ltext97                                text97       000000
__Ltext98                                text98       000000
__Ltext99                                text99       000000
__S0                                     (abs)        30000E
__S1                                     (abs)        000132
__S2                                     (abs)        000000
___inthi_sp                              stack        000000
___intlo_sp                              stack        000000
___lwdiv                                 text5        000CE2
___lwdiv@counter                         cstackCOMRAM 00003E
___lwdiv@dividend                        cstackCOMRAM 00003A
___lwdiv@divisor                         cstackCOMRAM 00003C
___lwdiv@quotient                        cstackCOMRAM 00003F
___lwmod                                 text4        000EF4
___lwmod@counter                         cstackCOMRAM 000045
___lwmod@dividend                        cstackCOMRAM 000041
___lwmod@divisor                         cstackCOMRAM 000043
___param_bank                            (abs)        000000
___rparam_used                           (abs)        000001
___sp                                    stack        000000
__accesstop                              (abs)        000060
__activetblptr                           (abs)        000002
__end_of_ACCELEROMETER_Initialize        text15       000B04
__end_of_EUSART1_Initialize              text12       000E1C
__end_of_EUSART1_Receive_ISR             text100      00105C
__end_of_EUSART1_SetRxInterruptHandler   text14       001304
__end_of_EUSART1_SetTxInterruptHandler   text13       0012FA
__end_of_EUSART1_Transmit_ISR            text99       001030
__end_of_EUSART1_Write                   text7        000F70
__end_of_INTERRUPT_Initialize            text11       00139E
__end_of_INTERRUPT_InterruptManager      intcode      000106
__end_of_OSCILLATOR_Initialize           text10       001250
__end_of_PIN_MANAGER_Initialize          text9        001086
__end_of_SYSTEM_Initialize               text8        0011BC
__end_of___lwdiv                         text5        000D34
__end_of___lwmod                         text4        000F36
__end_of__initialization                 cinit        000B5C
__end_of_do_I2C_DO_ACK                   text36       001288
__end_of_do_I2C_DO_ADDRESS_NACK          text33       000DD0
__end_of_do_I2C_DO_NACK_RESTART          text34       00126C
__end_of_do_I2C_DO_NACK_STOP             text35       00127A
__end_of_do_I2C_IDLE                     text45       0011F2
__end_of_do_I2C_RCEN                     text37       0011E0
__end_of_do_I2C_RESET                    text46       00116A
__end_of_do_I2C_RX                       text31       000A24
__end_of_do_I2C_SEND_ADR_READ            text40       001154
__end_of_do_I2C_SEND_ADR_WRITE           text38       001128
__end_of_do_I2C_SEND_INITIAL_READ        text39       00113E
__end_of_do_I2C_SEND_RESTART             text42       0012A4
__end_of_do_I2C_SEND_RESTART_READ        text44       0012C0
__end_of_do_I2C_SEND_RESTART_WRITE       text43       0012B2
__end_of_do_I2C_SEND_STOP                text41       001296
__end_of_do_I2C_TX                       text32       000888
__end_of_do_I2C_TX_EMPTY                 text30       000C8A
__end_of_do_I2C_TX_REGISTER              text47       0011AA
__end_of_dpowers                         smallconst   00060B
__end_of_i2c1_driver_TXData              text50       00133C
__end_of_i2c1_driver_clearBusCollision   text98       0013E2
__end_of_i2c1_driver_getRXData           text51       0013A6
__end_of_i2c1_driver_isNACK              text49       001180
__end_of_i2c1_driver_open                text23       001112
__end_of_i2c1_driver_resetBus            text53       0013E4
__end_of_i2c1_driver_restart             text58       0013B2
__end_of_i2c1_driver_sendACK             text59       001388
__end_of_i2c1_driver_sendNACK            text52       001382
__end_of_i2c1_driver_setBusCollisionISR  text22       001318
__end_of_i2c1_driver_setI2cISR           text21       00130E
__end_of_i2c1_driver_start               text60       0013B6
__end_of_i2c1_driver_startRX             text54       0013AA
__end_of_i2c1_driver_stop                text57       0013AE
__end_of_i2c_ISR                         text29       000D82
__end_of_i2c_busCollisionISR             text97       00139A
__end_of_i2c_close                       text61       0010C8
__end_of_i2c_masterAccelRead             text24       00125E
__end_of_i2c_masterOperation             text25       000E64
__end_of_i2c_masterWrite                 text17       001334
__end_of_i2c_open                        text20       0007F2
__end_of_i2c_poller                      text27       0010FC
__end_of_i2c_setBuffer                   text19       0010E2
__end_of_main                            text0        000BCC
__end_of_mssp1_IRQisEnabled              text26       001202
__end_of_mssp1_clearIRQ                  text63       0013BE
__end_of_mssp1_disableIRQ                text62       0013BA
__end_of_mssp1_setIRQ                    text48       0013A2
__end_of_mssp1_waitForEvent              text28       0011CE
__end_of_printString                     text6        000C2C
__end_of_printf                          text2        000758
__end_of_putch                           text3        0012F0
__end_of_read_register                   text18       001002
__end_of_read_xyzvalues                  text1        00091A
__end_of_returnReset                     text55       001322
__end_of_returnStop                      text56       00132C
__end_of_write_register                  text16       000FD4
__end_ofi2_do_I2C_DO_ACK                 text73       001354
__end_ofi2_do_I2C_DO_ADDRESS_NACK        text70       000EF4
__end_ofi2_do_I2C_DO_NACK_RESTART        text71       001344
__end_ofi2_do_I2C_DO_NACK_STOP           text72       00134C
__end_ofi2_do_I2C_IDLE                   text82       0012E6
__end_ofi2_do_I2C_RCEN                   text74       0012DA
__end_ofi2_do_I2C_RESET                  text83       001242
__end_ofi2_do_I2C_RX                     text68       000A98
__end_ofi2_do_I2C_SEND_ADR_READ          text77       001232
__end_ofi2_do_I2C_SEND_ADR_WRITE         text75       001212
__end_ofi2_do_I2C_SEND_INITIAL_READ      text76       001222
__end_ofi2_do_I2C_SEND_RESTART           text79       001364
__end_ofi2_do_I2C_SEND_RESTART_READ      text81       001374
__end_ofi2_do_I2C_SEND_RESTART_WRITE     text80       00136C
__end_ofi2_do_I2C_SEND_STOP              text78       00135C
__end_ofi2_do_I2C_TX                     text69       0009AA
__end_ofi2_do_I2C_TX_EMPTY               text67       000CE2
__end_ofi2_do_I2C_TX_REGISTER            text84       0012CE
__end_ofi2_i2c1_driver_TXData            text87       00137C
__end_ofi2_i2c1_driver_getRXData         text88       0013CA
__end_ofi2_i2c1_driver_isNACK            text86       001196
__end_ofi2_i2c1_driver_resetBus          text90       0013E6
__end_ofi2_i2c1_driver_restart           text95       0013DE
__end_ofi2_i2c1_driver_sendACK           text96       001394
__end_ofi2_i2c1_driver_sendNACK          text89       00138E
__end_ofi2_i2c1_driver_startRX           text91       0013CE
__end_ofi2_i2c1_driver_stop              text94       0013DA
__end_ofi2_i2c_ISR                       text65       000EAC
__end_ofi2_mssp1_clearIRQ                text66       0013C2
__end_ofi2_mssp1_setIRQ                  text85       0013C6
__end_ofi2_returnReset                   text92       0013D2
__end_ofi2_returnStop                    text93       0013D6
__initialization                         cinit        000B04
__mediumconst                            mediumconst  000000
__pbssBANK0                              bssBANK0     00009A
__pbssCOMRAM                             bssCOMRAM    000001
__pcinit                                 cinit        000B04
__pcstackBANK0                           cstackBANK0  000060
__pcstackCOMRAM                          cstackCOMRAM 000026
__pdataBANK0                             dataBANK0    0000BF
__pdataBANK1                             dataBANK1    000100
__pidataBANK0                            idataBANK0   001086
__pidataBANK1                            idataBANK1   000F70
__pintcode                               intcode      000008
__pnvBANK0                               nvBANK0      0000E3
__pnvCOMRAM                              nvCOMRAM     000049
__psmallconst                            smallconst   000600
__ptext0                                 text0        000B6A
__ptext1                                 text1        000888
__ptext10                                text10       001242
__ptext100                               text100      001030
__ptext101                               text101      000000
__ptext11                                text11       00139A
__ptext12                                text12       000DD0
__ptext13                                text13       0012F0
__ptext14                                text14       0012FA
__ptext15                                text15       000A98
__ptext16                                text16       000FA2
__ptext17                                text17       00132C
__ptext18                                text18       000FD4
__ptext19                                text19       0010C8
__ptext2                                 text2        00062E
__ptext20                                text20       000758
__ptext21                                text21       001304
__ptext22                                text22       00130E
__ptext23                                text23       0010FC
__ptext24                                text24       001250
__ptext25                                text25       000E1C
__ptext26                                text26       0011F2
__ptext27                                text27       0010E2
__ptext28                                text28       0011BC
__ptext29                                text29       000D34
__ptext3                                 text3        0012E6
__ptext30                                text30       000C2C
__ptext31                                text31       0009AA
__ptext32                                text32       0007F2
__ptext33                                text33       000D82
__ptext34                                text34       00125E
__ptext35                                text35       00126C
__ptext36                                text36       00127A
__ptext37                                text37       0011CE
__ptext38                                text38       001112
__ptext39                                text39       001128
__ptext4                                 text4        000EF4
__ptext40                                text40       00113E
__ptext41                                text41       001288
__ptext42                                text42       001296
__ptext43                                text43       0012A4
__ptext44                                text44       0012B2
__ptext45                                text45       0011E0
__ptext46                                text46       001154
__ptext47                                text47       001196
__ptext48                                text48       00139E
__ptext49                                text49       00116A
__ptext5                                 text5        000CE2
__ptext50                                text50       001334
__ptext51                                text51       0013A2
__ptext52                                text52       00137C
__ptext53                                text53       0013E2
__ptext54                                text54       0013A6
__ptext55                                text55       001318
__ptext56                                text56       001322
__ptext57                                text57       0013AA
__ptext58                                text58       0013AE
__ptext59                                text59       001382
__ptext6                                 text6        000BCC
__ptext60                                text60       0013B2
__ptext61                                text61       0010AA
__ptext62                                text62       0013B6
__ptext63                                text63       0013BA
__ptext65                                text65       000E64
__ptext66                                text66       0013BE
__ptext67                                text67       000C8A
__ptext68                                text68       000A24
__ptext69                                text69       00091A
__ptext7                                 text7        000F36
__ptext70                                text70       000EAC
__ptext71                                text71       00133C
__ptext72                                text72       001344
__ptext73                                text73       00134C
__ptext74                                text74       0012CE
__ptext75                                text75       001202
__ptext76                                text76       001212
__ptext77                                text77       001222
__ptext78                                text78       001354
__ptext79                                text79       00135C
__ptext8                                 text8        0011AA
__ptext80                                text80       001364
__ptext81                                text81       00136C
__ptext82                                text82       0012DA
__ptext83                                text83       001232
__ptext84                                text84       0012C0
__ptext85                                text85       0013C2
__ptext86                                text86       001180
__ptext87                                text87       001374
__ptext88                                text88       0013C6
__ptext89                                text89       001388
__ptext9                                 text9        00105C
__ptext90                                text90       0013E4
__ptext91                                text91       0013CA
__ptext92                                text92       0013CE
__ptext93                                text93       0013D2
__ptext94                                text94       0013D6
__ptext95                                text95       0013DA
__ptext96                                text96       00138E
__ptext97                                text97       001394
__ptext98                                text98       0013DE
__ptext99                                text99       001002
__ramtop                                 ramtop       000600
__size_of_ACCELEROMETER_Initialize       (abs)        000000
__size_of_EUSART1_Initialize             (abs)        000000
__size_of_EUSART1_Receive_ISR            (abs)        000000
__size_of_EUSART1_SetRxInterruptHandler  (abs)        000000
__size_of_EUSART1_SetTxInterruptHandler  (abs)        000000
__size_of_EUSART1_Transmit_ISR           (abs)        000000
__size_of_EUSART1_Write                  (abs)        000000
__size_of_INTERRUPT_Initialize           (abs)        000000
__size_of_INTERRUPT_InterruptManager     (abs)        000000
__size_of_OSCILLATOR_Initialize          (abs)        000000
__size_of_PIN_MANAGER_Initialize         (abs)        000000
__size_of_SYSTEM_Initialize              (abs)        000000
__size_of___lwdiv                        (abs)        000000
__size_of___lwmod                        (abs)        000000
__size_of_do_I2C_DO_ACK                  (abs)        000000
__size_of_do_I2C_DO_ADDRESS_NACK         (abs)        000000
__size_of_do_I2C_DO_NACK_RESTART         (abs)        000000
__size_of_do_I2C_DO_NACK_STOP            (abs)        000000
__size_of_do_I2C_IDLE                    (abs)        000000
__size_of_do_I2C_RCEN                    (abs)        000000
__size_of_do_I2C_RESET                   (abs)        000000
__size_of_do_I2C_RX                      (abs)        000000
__size_of_do_I2C_SEND_ADR_READ           (abs)        000000
__size_of_do_I2C_SEND_ADR_WRITE          (abs)        000000
__size_of_do_I2C_SEND_INITIAL_READ       (abs)        000000
__size_of_do_I2C_SEND_RESTART            (abs)        000000
__size_of_do_I2C_SEND_RESTART_READ       (abs)        000000
__size_of_do_I2C_SEND_RESTART_WRITE      (abs)        000000
__size_of_do_I2C_SEND_STOP               (abs)        000000
__size_of_do_I2C_TX                      (abs)        000000
__size_of_do_I2C_TX_EMPTY                (abs)        000000
__size_of_do_I2C_TX_REGISTER             (abs)        000000
__size_of_i2c1_driver_TXData             (abs)        000000
__size_of_i2c1_driver_clearBusCollision  (abs)        000000
__size_of_i2c1_driver_getRXData          (abs)        000000
__size_of_i2c1_driver_isNACK             (abs)        000000
__size_of_i2c1_driver_open               (abs)        000000
__size_of_i2c1_driver_resetBus           (abs)        000000
__size_of_i2c1_driver_restart            (abs)        000000
__size_of_i2c1_driver_sendACK            (abs)        000000
__size_of_i2c1_driver_sendNACK           (abs)        000000
__size_of_i2c1_driver_setBusCollisionISR (abs)        000000
__size_of_i2c1_driver_setI2cISR          (abs)        000000
__size_of_i2c1_driver_start              (abs)        000000
__size_of_i2c1_driver_startRX            (abs)        000000
__size_of_i2c1_driver_stop               (abs)        000000
__size_of_i2c_ISR                        (abs)        000000
__size_of_i2c_busCollisionISR            (abs)        000000
__size_of_i2c_close                      (abs)        000000
__size_of_i2c_masterAccelRead            (abs)        000000
__size_of_i2c_masterOperation            (abs)        000000
__size_of_i2c_masterWrite                (abs)        000000
__size_of_i2c_open                       (abs)        000000
__size_of_i2c_poller                     (abs)        000000
__size_of_i2c_setBuffer                  (abs)        000000
__size_of_main                           (abs)        000000
__size_of_mssp1_IRQisEnabled             (abs)        000000
__size_of_mssp1_clearIRQ                 (abs)        000000
__size_of_mssp1_disableIRQ               (abs)        000000
__size_of_mssp1_setIRQ                   (abs)        000000
__size_of_mssp1_waitForEvent             (abs)        000000
__size_of_printString                    (abs)        000000
__size_of_printf                         (abs)        000000
__size_of_putch                          (abs)        000000
__size_of_read_register                  (abs)        000000
__size_of_read_xyzvalues                 (abs)        000000
__size_of_returnReset                    (abs)        000000
__size_of_returnStop                     (abs)        000000
__size_of_write_register                 (abs)        000000
__size_ofi2_do_I2C_DO_ACK                (abs)        000000
__size_ofi2_do_I2C_DO_ADDRESS_NACK       (abs)        000000
__size_ofi2_do_I2C_DO_NACK_RESTART       (abs)        000000
__size_ofi2_do_I2C_DO_NACK_STOP          (abs)        000000
__size_ofi2_do_I2C_IDLE                  (abs)        000000
__size_ofi2_do_I2C_RCEN                  (abs)        000000
__size_ofi2_do_I2C_RESET                 (abs)        000000
__size_ofi2_do_I2C_RX                    (abs)        000000
__size_ofi2_do_I2C_SEND_ADR_READ         (abs)        000000
__size_ofi2_do_I2C_SEND_ADR_WRITE        (abs)        000000
__size_ofi2_do_I2C_SEND_INITIAL_READ     (abs)        000000
__size_ofi2_do_I2C_SEND_RESTART          (abs)        000000
__size_ofi2_do_I2C_SEND_RESTART_READ     (abs)        000000
__size_ofi2_do_I2C_SEND_RESTART_WRITE    (abs)        000000
__size_ofi2_do_I2C_SEND_STOP             (abs)        000000
__size_ofi2_do_I2C_TX                    (abs)        000000
__size_ofi2_do_I2C_TX_EMPTY              (abs)        000000
__size_ofi2_do_I2C_TX_REGISTER           (abs)        000000
__size_ofi2_i2c1_driver_TXData           (abs)        000000
__size_ofi2_i2c1_driver_getRXData        (abs)        000000
__size_ofi2_i2c1_driver_isNACK           (abs)        000000
__size_ofi2_i2c1_driver_resetBus         (abs)        000000
__size_ofi2_i2c1_driver_restart          (abs)        000000
__size_ofi2_i2c1_driver_sendACK          (abs)        000000
__size_ofi2_i2c1_driver_sendNACK         (abs)        000000
__size_ofi2_i2c1_driver_startRX          (abs)        000000
__size_ofi2_i2c1_driver_stop             (abs)        000000
__size_ofi2_i2c_ISR                      (abs)        000000
__size_ofi2_mssp1_clearIRQ               (abs)        000000
__size_ofi2_mssp1_setIRQ                 (abs)        000000
__size_ofi2_returnReset                  (abs)        000000
__size_ofi2_returnStop                   (abs)        000000
__smallconst                             smallconst   000600
_do_I2C_DO_ACK                           text36       00127A
_do_I2C_DO_ACK$intlevel0                 text36       001280
_do_I2C_DO_ADDRESS_NACK                  text33       000D82
_do_I2C_DO_ADDRESS_NACK$intlevel0        text33       000D88
_do_I2C_DO_NACK_RESTART                  text34       00125E
_do_I2C_DO_NACK_RESTART$intlevel0        text34       001264
_do_I2C_DO_NACK_STOP                     text35       00126C
_do_I2C_DO_NACK_STOP$intlevel0           text35       001272
_do_I2C_IDLE                             text45       0011E0
_do_I2C_IDLE$intlevel0                   text45       0011E6
_do_I2C_RCEN                             text37       0011CE
_do_I2C_RCEN$intlevel0                   text37       0011D4
_do_I2C_RESET                            text46       001154
_do_I2C_RESET$intlevel0                  text46       00115A
_do_I2C_RX                               text31       0009AA
_do_I2C_RX$intlevel0                     text31       0009B0
_do_I2C_SEND_ADR_READ                    text40       00113E
_do_I2C_SEND_ADR_READ$intlevel0          text40       001144
_do_I2C_SEND_ADR_WRITE                   text38       001112
_do_I2C_SEND_ADR_WRITE$intlevel0         text38       001118
_do_I2C_SEND_INITIAL_READ                text39       001128
_do_I2C_SEND_INITIAL_READ$intlevel0      text39       00112E
_do_I2C_SEND_RESTART                     text42       001296
_do_I2C_SEND_RESTART$intlevel0           text42       00129C
_do_I2C_SEND_RESTART_READ                text44       0012B2
_do_I2C_SEND_RESTART_READ$intlevel0      text44       0012B8
_do_I2C_SEND_RESTART_WRITE               text43       0012A4
_do_I2C_SEND_RESTART_WRITE$intlevel0     text43       0012AA
_do_I2C_SEND_STOP                        text41       001288
_do_I2C_SEND_STOP$intlevel0              text41       00128E
_do_I2C_TX                               text32       0007F2
_do_I2C_TX$315                           cstackCOMRAM 00003B
_do_I2C_TX$intlevel0                     text32       0007F8
_do_I2C_TX_EMPTY                         text30       000C2C
_do_I2C_TX_EMPTY$intlevel0               text30       000C32
_do_I2C_TX_REGISTER                      text47       001196
_do_I2C_TX_REGISTER$intlevel0            text47       00119C
_dpowers                                 smallconst   000601
_eusart1RxBuffer                         bssCOMRAM    000001
_eusart1RxCount                          bssCOMRAM    000018
_eusart1RxHead                           bssCOMRAM    00001A
_eusart1RxTail                           bssCOMRAM    000019
_eusart1TxBuffer                         bssCOMRAM    000009
_eusart1TxBufferRemaining                nvCOMRAM     000049
_eusart1TxHead                           bssCOMRAM    00001C
_eusart1TxTail                           bssCOMRAM    00001B
_fsmStateTable                           dataBANK0    0000BF
_i2c1_driver_TXData                      text50       001334
_i2c1_driver_busCollisionISR             bssCOMRAM    000013
_i2c1_driver_clearBusCollision           text98       0013DE
_i2c1_driver_getRXData                   text51       0013A2
_i2c1_driver_i2cISR                      bssCOMRAM    000011
_i2c1_driver_isNACK                      text49       00116A
_i2c1_driver_open                        text23       0010FC
_i2c1_driver_resetBus                    text53       0013E2
_i2c1_driver_restart                     text58       0013AE
_i2c1_driver_sendACK                     text59       001382
_i2c1_driver_sendNACK                    text52       00137C
_i2c1_driver_setBusCollisionISR          text22       00130E
_i2c1_driver_setI2cISR                   text21       001304
_i2c1_driver_start                       text60       0013B2
_i2c1_driver_startRX                     text54       0013A6
_i2c1_driver_stop                        text57       0013AA
_i2c_ISR                                 text29       000D34
_i2c_ISR$intlevel0                       text29       000D3A
_i2c_busCollisionISR                     text97       001394
_i2c_close                               text61       0010AA
_i2c_masterAccelRead                     text24       001250
_i2c_masterOperation                     text25       000E1C
_i2c_masterWrite                         text17       00132C
_i2c_open                                text20       000758
_i2c_poller                              text27       0010E2
_i2c_setBuffer                           text19       0010C8
_i2c_status                              bssBANK0     00009A
_main                                    text0        000B6A
_mssp1_IRQisEnabled                      text26       0011F2
_mssp1_clearIRQ                          text63       0013BA
_mssp1_disableIRQ                        text62       0013B6
_mssp1_setIRQ                            text48       00139E
_mssp1_waitForEvent                      text28       0011BC
_printString                             text6        000BCC
_printf                                  text2        00062E
_putch                                   text3        0012E6
_read_register                           text18       000FD4
_read_xyzvalues                          text1        000888
_returnReset                             text55       001318
_returnReset$intlevel0                   text55       00131E
_returnStop                              text56       001322
_returnStop$intlevel0                    text56       001328
_write_register                          text16       000FA2
btemp                                    temp         00004A
end_of_initialization                    cinit        000B5C
i2_do_I2C_DO_ACK                         text73       00134C
i2_do_I2C_DO_ADDRESS_NACK                text70       000EAC
i2_do_I2C_DO_NACK_RESTART                text71       00133C
i2_do_I2C_DO_NACK_STOP                   text72       001344
i2_do_I2C_IDLE                           text82       0012DA
i2_do_I2C_RCEN                           text74       0012CE
i2_do_I2C_RESET                          text83       001232
i2_do_I2C_RX                             text68       000A24
i2_do_I2C_SEND_ADR_READ                  text77       001222
i2_do_I2C_SEND_ADR_WRITE                 text75       001202
i2_do_I2C_SEND_INITIAL_READ              text76       001212
i2_do_I2C_SEND_RESTART                   text79       00135C
i2_do_I2C_SEND_RESTART_READ              text81       00136C
i2_do_I2C_SEND_RESTART_WRITE             text80       001364
i2_do_I2C_SEND_STOP                      text78       001354
i2_do_I2C_TX                             text69       00091A
i2_do_I2C_TX$315                         cstackCOMRAM 000026
i2_do_I2C_TX_EMPTY                       text67       000C8A
i2_do_I2C_TX_REGISTER                    text84       0012C0
i2_i2c1_driver_TXData                    text87       001374
i2_i2c1_driver_getRXData                 text88       0013C6
i2_i2c1_driver_isNACK                    text86       001180
i2_i2c1_driver_resetBus                  text90       0013E4
i2_i2c1_driver_restart                   text95       0013DA
i2_i2c1_driver_sendACK                   text96       00138E
i2_i2c1_driver_sendNACK                  text89       001388
i2_i2c1_driver_startRX                   text91       0013CA
i2_i2c1_driver_stop                      text94       0013D6
i2_i2c_ISR                               text65       000E64
i2_mssp1_clearIRQ                        text66       0013BE
i2_mssp1_setIRQ                          text85       0013C2
[...]
                  1    wreg      void 
 Registers used:
		wreg
 Tracked objects:
		On entry : 
		On exit  : 
		Unchanged: 
 Data sizes:     COMRAM   BANK0   BANK1   BANK2   BANK3   BANK4   BANK5
      Params:         0       0       0       0       0       0       0
      Locals:         1       0       0       0       0       0       0
      Temps:          0       0       0       0       0       0       0
      Totals:         1       0       0       0       0       0       0
Total ram usage:        1 bytes
 Hardware stack levels used:    1
 This function calls:
		Nothing
 This function is called by:
		i2_do_I2C_SEND_ADR_READ
		i2_do_I2C_SEND_INITIAL_READ
		i2_do_I2C_TX_REGISTER
		i2_do_I2C_SEND_ADR_WRITE
		i2_do_I2C_TX
 This function uses a non-reentrant model


 *************** function i2_i2c1_driver_getRXData *****************
 Defined at:
		line 171 in file "mcc_generated_files/i2c1_driver.c"
 Parameters:    Size  Location     Type
		None
 Auto vars:     Size  Location     Type
		None
 Return value:  Size  Location     Type
                  1    wreg      unsigned char 
 Registers used:
		wreg, status,2
 Tracked objects:
		On entry : 
		On exit  : 
		Unchanged: 
 Data sizes:     COMRAM   BANK0   BANK1   BANK2   BANK3   BANK4   BANK5
      Params:         0       0       0       0       0       0       0
      Locals:         0       0       0       0       0       0       0
      Temps:          0       0       0       0       0       0       0
      Totals:         0       0       0       0       0       0       0
Total ram usage:        0 bytes
 Hardware stack levels used:    1
 This function calls:
		Nothing
 This function is called by:
		i2_do_I2C_RX
 This function uses a non-reentrant model


 *************** function i2_i2c1_driver_sendNACK *****************
 Defined at:
		line 202 in file "mcc_generated_files/i2c1_driver.c"
 Parameters:    Size  Location     Type
		None
 Auto vars:     Size  Location     Type
		None
 Return value:  Size  Location     Type
                  1    wreg      void 
 Registers used:
		None
 Tracked objects:
		On entry : 
		On exit  : 
		Unchanged: 
 Data sizes:     COMRAM   BANK0   BANK1   BANK2   BANK3   BANK4   BANK5
      Params:         0       0       0       0       0       0       0
      Locals:         0       0       0       0       0       0       0
      Temps:          0       0       0       0       0       0       0
      Totals:         0       0       0       0       0       0       0
Total ram usage:        0 bytes
 Hardware stack levels used:    1
 This function calls:
		Nothing
 This function is called by:
		i2_do_I2C_DO_NACK_STOP
		i2_do_I2C_DO_NACK_RESTART
 This function uses a non-reentrant model


 *************** function i2_i2c1_driver_resetBus *****************
 Defined at:
		line 141 in file "mcc_generated_files/i2c1_driver.c"
 Parameters:    Size  Location     Type
		None
 Auto vars:     Size  Location     Type
		None
 Return value:  Size  Location     Type
                  1    wreg      void 
 Registers used:
		None
 Tracked objects:
		On entry : 
		On exit  : 
		Unchanged: 
 Data sizes:     COMRAM   BANK0   BANK1   BANK2   BANK3   BANK4   BANK5
      Params:         0       0       0       0       0       0       0
      Locals:         0       0       0       0       0       0       0
      Temps:          0       0       0       0       0       0       0
      Totals:         0       0       0       0       0       0       0
Total ram usage:        0 bytes
 Hardware stack levels used:    1
 This function calls:
		Nothing
 This function is called by:
		i2_do_I2C_RESET
 This function uses a non-reentrant model


 *************** function i2_i2c1_driver_startRX *****************
 Defined at:
		line 166 in file "mcc_generated_files/i2c1_driver.c"
 Parameters:    Size  Location     Type
		None
 Auto vars:     Size  Location     Type
		None
 Return value:  Size  Location     Type
                  1    wreg      void 
 Registers used:
		None
 Tracked objects:
		On entry : 
		On exit  : 
		Unchanged: 
 Data sizes:     COMRAM   BANK0   BANK1   BANK2   BANK3   BANK4   BANK5
      Params:         0       0       0       0       0       0       0
      Locals:         0       0       0       0       0       0       0
      Temps:          0       0       0       0       0       0       0
      Totals:         0       0       0       0       0       0       0
Total ram usage:        0 bytes
 Hardware stack levels used:    1
 This function calls:
		Nothing
 This function is called by:
		i2_do_I2C_RCEN
 This function uses a non-reentrant model


 *************** function i2_returnReset *****************
 Defined at:
		line 513 in file "mcc_generated_files/drivers/i2c_master.c"
 Parameters:    Size  Location     Type
  p               2    0[COMRAM] PTR void 
		 -> NULL(0), 
 Auto vars:     Size  Location     Type
		None
 Return value:  Size  Location     Type
                  1    wreg      enum E6842
 Registers used:
		wreg
 Tracked objects:
		On entry : 
		On exit  : 
		Unchanged: 
 Data sizes:     COMRAM   BANK0   BANK1   BANK2   BANK3   BANK4   BANK5
      Params:         2       0       0       0       0       0       0
      Locals:         0       0       0       0       0       0       0
      Temps:          0       0       0       0       0       0       0
      Totals:         2       0       0       0       0       0       0
Total ram usage:        2 bytes
 Hardware stack levels used:    1
 This function calls:
		Nothing
 This function is called by:
 This function uses a non-reentrant model


 *************** function i2_returnStop *****************
 Defined at:
		line 508 in file "mcc_generated_files/drivers/i2c_master.c"
 Parameters:    Size  Location     Type
  p               2    0[COMRAM] PTR void 
		 -> NULL(0), 
 Auto vars:     Size  Location     Type
		None
 Return value:  Size  Location     Type
                  1    wreg      enum E6842
 Registers used:
		wreg
 Tracked objects:
		On entry : 
		On exit  : 
		Unchanged: 
 Data sizes:     COMRAM   BANK0   BANK1   BANK2   BANK3   BANK4   BANK5
      Params:         2       0       0       0       0       0       0
      Locals:         0       0       0       0       0       0       0
      Temps:          0       0       0       0       0       0       0
      Totals:         2       0       0       0       0       0       0
Total ram usage:        2 bytes
 Hardware stack levels used:    1
 This function calls:
		Nothing
 This function is called by:
 This function uses a non-reentrant model


 *************** function i2_i2c1_driver_stop *****************
 Defined at:
		line 156 in file "mcc_generated_files/i2c1_driver.c"
 Parameters:    Size  Location     Type
		None
 Auto vars:     Size  Location     Type
		None
 Return value:  Size  Location     Type
                  1    wreg      void 
 Registers used:
		None
 Tracked objects:
		On entry : 
		On exit  : 
		Unchanged: 
 Data sizes:     COMRAM   BANK0   BANK1   BANK2   BANK3   BANK4   BANK5
      Params:         0       0       0       0       0       0       0
      Locals:         0       0       0       0       0       0       0
      Temps:          0       0       0       0       0       0       0
      Totals:         0       0       0       0       0       0       0
Total ram usage:        0 bytes
 Hardware stack levels used:    1
 This function calls:
		Nothing
 This function is called by:
		i2_do_I2C_SEND_STOP
 This function uses a non-reentrant model


 *************** function i2_i2c1_driver_restart *****************
 Defined at:
		line 151 in file "mcc_generated_files/i2c1_driver.c"
 Parameters:    Size  Location     Type
		None
 Auto vars:     Size  Location     Type
		None
 Return value:  Size  Location     Type
                  1    wreg      void 
 Registers used:
		None
 Tracked objects:
		On entry : 
		On exit  : 
		Unchanged: 
 Data sizes:     COMRAM   BANK0   BANK1   BANK2   BANK3   BANK4   BANK5
      Params:         0       0       0       0       0       0       0
      Locals:         0       0       0       0       0       0       0
      Temps:          0       0       0       0       0       0       0
      Totals:         0       0       0       0       0       0       0
Total ram usage:        0 bytes
 Hardware stack levels used:    1
 This function calls:
		Nothing
 This function is called by:
		i2_do_I2C_SEND_RESTART_READ
		i2_do_I2C_SEND_RESTART_WRITE
		i2_do_I2C_SEND_RESTART
 This function uses a non-reentrant model


 *************** function i2_i2c1_driver_sendACK *****************
 Defined at:
		line 196 in file "mcc_generated_files/i2c1_driver.c"
 Parameters:    Size  Location     Type
		None
 Auto vars:     Size  Location     Type
		None
 Return value:  Size  Location     Type
                  1    wreg      void 
 Registers used:
		None
 Tracked objects:
		On entry : 
		On exit  : 
		Unchanged: 
 Data sizes:     COMRAM   BANK0   BANK1   BANK2   BANK3   BANK4   BANK5
      Params:         0       0       0       0       0       0       0
      Locals:         0       0       0       0       0       0       0
      Temps:          0       0       0       0       0       0       0
      Totals:         0       0       0       0       0       0       0
Total ram usage:        0 bytes
 Hardware stack levels used:    1
 This function calls:
		Nothing
 This function is called by:
		i2_do_I2C_DO_ACK
		i2_do_I2C_RX
 This function uses a non-reentrant model


 *************** function _i2c_busCollisionISR *****************
 Defined at:
		line 500 in file "mcc_generated_files/drivers/i2c_master.c"
 Parameters:    Size  Location     Type
		None
 Auto vars:     Size  Location     Type
		None
 Return value:  Size  Location     Type
                  1    wreg      void 
 Registers used:
		cstack
 Tracked objects:
		On entry : 
		On exit  : 
		Unchanged: 
 Data sizes:     COMRAM   BANK0   BANK1   BANK2   BANK3   BANK4   BANK5
      Params:         0       0       0       0       0       0       0
      Locals:         0       0       0       0       0       0       0
      Temps:          0       0       0       0       0       0       0
      Totals:         0       0       0       0       0       0       0
Total ram usage:        0 bytes
 Hardware stack levels used:    1
 Hardware stack levels required when called:    1
 This function calls:
		_i2c1_driver_clearBusCollision
 This function is called by:
		_i2c_open
		_INTERRUPT_InterruptManager
 This function uses a non-reentrant model


 *************** function _i2c1_driver_clearBusCollision *****************
 Defined at:
		line 253 in file "mcc_generated_files/i2c1_driver.c"
 Parameters:    Size  Location     Type
		None
 Auto vars:     Size  Location     Type
		None
 Return value:  Size  Location     Type
                  1    wreg      void 
 Registers used:
		None
 Tracked objects:
		On entry : 
		On exit  : 
		Unchanged: 
 Data sizes:     COMRAM   BANK0   BANK1   BANK2   BANK3   BANK4   BANK5
      Params:         0       0       0       0       0       0       0
      Locals:         0       0       0       0       0       0       0
      Temps:          0       0       0       0       0       0       0
      Totals:         0       0       0       0       0       0       0
Total ram usage:        0 bytes
 Hardware stack levels used:    1
 This function calls:
		Nothing
 This function is called by:
		_i2c_busCollisionISR
 This function uses a non-reentrant model


 *************** function _EUSART1_Transmit_ISR *****************
 Defined at:
		line 183 in file "mcc_generated_files/eusart1.c"
 Parameters:    Size  Location     Type
		None
 Auto vars:     Size  Location     Type
		None
 Return value:  Size  Location     Type
                  1    wreg      void 
 Registers used:
		wreg, fsr2l, fsr2h, status,2, status,0, prodl, prodh
 Tracked objects:
		On entry : 
		On exit  : 
		Unchanged: 
 Data sizes:     COMRAM   BANK0   BANK1   BANK2   BANK3   BANK4   BANK5
      Params:         0       0       0       0       0       0       0
      Locals:         0       0       0       0       0       0       0
      Temps:          0       0       0       0       0       0       0
      Totals:         0       0       0       0       0       0       0
Total ram usage:        0 bytes
 Hardware stack levels used:    1
 This function calls:
		Nothing
 This function is called by:
		_EUSART1_Initialize
		_INTERRUPT_InterruptManager
 This function uses a non-reentrant model


 *************** function _EUSART1_Receive_ISR *****************
 Defined at:
		line 202 in file "mcc_generated_files/eusart1.c"
 Parameters:    Size  Location     Type
		None
 Auto vars:     Size  Location     Type
		None
 Return value:  Size  Location     Type
                  1    wreg      void 
 Registers used:
		wreg, fsr2l, fsr2h, status,2, status,0, prodl, prodh
 Tracked objects:
		On entry : 
		On exit  : 
		Unchanged: 
 Data sizes:     COMRAM   BANK0   BANK1   BANK2   BANK3   BANK4   BANK5
      Params:         0       0       0       0       0       0       0
      Locals:         0       0       0       0       0       0       0
      Temps:          0       0       0       0       0       0       0
      Totals:         0       0       0       0       0       0       0
Total ram usage:        0 bytes
 Hardware stack levels used:    1
 This function calls:
		Nothing
 This function is called by:
		_EUSART1_Initialize
		_INTERRUPT_InterruptManager
 This function uses a non-reentrant model



MODULE INFORMATION

Module		Function		Class		Link	Load	Size
/Applications/microchip/xc8/v1.45/sources/common/lwmod.c
		___lwmod       		CODE           	0EF4	0000	67

/Applications/microchip/xc8/v1.45/sources/common/lwmod.c estimated size: 67

/Applications/microchip/xc8/v1.45/sources/common/doprnt.c
		_printf        		CODE           	062E	0000	299

/Applications/microchip/xc8/v1.45/sources/common/doprnt.c estimated size: 299

mcc_generated_files/interrupt_manager.c
		_INTERRUPT_Initialize		CODE           	139A	0000	5
		_INTERRUPT_InterruptManager		CODE           	0008	0000	255

mcc_generated_files/interrupt_manager.c estimated size: 260

mcc_generated_files/pin_manager.c
		_PIN_MANAGER_Initialize		CODE           	105C	0000	43

mcc_generated_files/pin_manager.c estimated size: 43

/Applications/microchip/xc8/v1.45/sources/common/lwdiv.c
		___lwdiv       		CODE           	0CE2	0000	83

/Applications/microchip/xc8/v1.45/sources/common/lwdiv.c estimated size: 83

shared
		i2_returnReset 		CODE           	13CE	0000	5
		i2_do_I2C_SEND_ADR_READ		CODE           	1222	0000	17
		i2_do_I2C_DO_NACK_STOP		CODE           	1344	0000	9
		i2_mssp1_clearIRQ		CODE           	13BE	0000	5
		i2_do_I2C_SEND_RESTART		CODE           	135C	0000	9
		i2_do_I2C_TX_EMPTY		CODE           	0C8A	0000	89
		_dpowers       		SMALLCONST     	0601	0000	11
		i2_do_I2C_DO_NACK_RESTART		CODE           	133C	0000	9
		i2_do_I2C_SEND_RESTART_READ		CODE           	136C	0000	9
		i2_do_I2C_DO_ADDRESS_NACK		CODE           	0EAC	0000	73
		i2_do_I2C_RX   		CODE           	0A24	0000	117
		i2_do_I2C_TX   		CODE           	091A	0000	145
		i2_i2c_ISR     		CODE           	0E64	0000	73
		i2_i2c1_driver_sendNACK		CODE           	1388	0000	7
		i2_do_I2C_IDLE 		CODE           	12DA	0000	13
		i2_do_I2C_RCEN 		CODE           	12CE	0000	13
		i2_i2c1_driver_isNACK		CODE           	1180	0000	23
		__initialization		CODE           	0B04	0000	89
		i2_mssp1_setIRQ		CODE           	13C2	0000	5
		i2_i2c1_driver_restart		CODE           	13DA	0000	5
		i2_i2c1_driver_stop		CODE           	13D6	0000	5
		i2_do_I2C_RESET		CODE           	1232	0000	17
		i2_i2c1_driver_startRX		CODE           	13CA	0000	5
		i2_i2c1_driver_resetBus		CODE           	13E4	0000	3
		i2_i2c1_driver_sendACK		CODE           	138E	0000	7
		i2_do_I2C_SEND_INITIAL_READ		CODE           	1212	0000	17
		i2_do_I2C_SEND_RESTART_WRITE		CODE           	1364	0000	9
		i2_do_I2C_DO_ACK		CODE           	134C	0000	9
		i2_do_I2C_SEND_ADR_WRITE		CODE           	1202	0000	17
		i2_i2c1_driver_getRXData		CODE           	13C6	0000	5
		i2_do_I2C_SEND_STOP		CODE           	1354	0000	9
		i2_i2c1_driver_TXData		CODE           	1374	0000	9
		i2_do_I2C_TX_REGISTER		CODE           	12C0	0000	15
		i2_returnStop  		CODE           	13D2	0000	5

shared estimated size: 858

mcc_generated_files/eusart1.c
		_EUSART1_SetRxInterruptHandler		CODE           	12FA	0000	11
		_EUSART1_SetTxInterruptHandler		CODE           	12F0	0000	11
		_EUSART1_Initialize		CODE           	0DD0	0000	77
		_putch         		CODE           	12E6	0000	11
		_EUSART1_Write 		CODE           	0F36	0000	59
		_EUSART1_Receive_ISR		CODE           	1030	0000	45
		_EUSART1_Transmit_ISR		CODE           	1002	0000	47

mcc_generated_files/eusart1.c estimated size: 261

mcc_generated_files/mcc.c
		_OSCILLATOR_Initialize		CODE           	1242	0000	15
		_SYSTEM_Initialize		CODE           	11AA	0000	19

mcc_generated_files/mcc.c estimated size: 34

mcc_generated_files/drivers/i2c_master.c
		_returnStop    		CODE           	1322	0000	11
		_i2c_setBuffer 		CODE           	10C8	0000	27
		_i2c_busCollisionISR		CODE           	1394	0000	7
		_i2c_ISR       		CODE           	0D34	0000	79
		_i2c_close     		CODE           	10AA	0000	31
		_do_I2C_TX_REGISTER		CODE           	1196	0000	21
		_i2c_masterOperation		CODE           	0E1C	0000	73
		_do_I2C_TX_EMPTY		CODE           	0C2C	0000	95
		_i2c_masterAccelRead		CODE           	1250	0000	15
		_returnReset   		CODE           	1318	0000	11
		_do_I2C_SEND_RESTART_WRITE		CODE           	12A4	0000	15
		_i2c_poller    		CODE           	10E2	0000	27
		_i2c_masterWrite		CODE           	132C	0000	9
		_do_I2C_DO_NACK_RESTART		CODE           	125E	0000	15
		_do_I2C_SEND_RESTART_READ		CODE           	12B2	0000	15
		_do_I2C_SEND_ADR_WRITE		CODE           	1112	0000	23
		_do_I2C_SEND_STOP		CODE           	1288	0000	15
		_i2c_open      		CODE           	0758	0000	155
		_do_I2C_SEND_ADR_READ		CODE           	113E	0000	23
		_do_I2C_DO_NACK_STOP		CODE           	126C	0000	15
		_do_I2C_SEND_RESTART		CODE           	1296	0000	15
		_do_I2C_RX     		CODE           	09AA	0000	123
		_do_I2C_TX     		CODE           	07F2	0000	151
		_do_I2C_IDLE   		CODE           	11E0	0000	19
		_do_I2C_RCEN   		CODE           	11CE	0000	19
		_do_I2C_DO_ADDRESS_NACK		CODE           	0D82	0000	79
		_do_I2C_SEND_INITIAL_READ		CODE           	1128	0000	23
		_do_I2C_RESET  		CODE           	1154	0000	23
		_do_I2C_DO_ACK 		CODE           	127A	0000	15

mcc_generated_files/drivers/i2c_master.c estimated size: 1149

mcc_generated_files/i2c1_driver.c
		_mssp1_waitForEvent		CODE           	11BC	0000	19
		_i2c1_driver_open		CODE           	10FC	0000	23
		_mssp1_disableIRQ		CODE           	13B6	0000	5
		_i2c1_driver_isNACK		CODE           	116A	0000	23
		_i2c1_driver_stop		CODE           	13AA	0000	5
		_i2c1_driver_getRXData		CODE           	13A2	0000	5
		_i2c1_driver_TXData		CODE           	1334	0000	9
		_i2c1_driver_setBusCollisionISR		CODE           	130E	0000	11
		_i2c1_driver_start		CODE           	13B2	0000	5
		_i2c1_driver_sendACK		CODE           	1382	0000	7
		_mssp1_setIRQ  		CODE           	139E	0000	5
		_i2c1_driver_sendNACK		CODE           	137C	0000	7
		_i2c1_driver_restart		CODE           	13AE	0000	5
		_i2c1_driver_resetBus		CODE           	13E2	0000	3
		_i2c1_driver_clearBusCollision		CODE           	13DE	0000	5
		_mssp1_clearIRQ		CODE           	13BA	0000	5
		_i2c1_driver_startRX		CODE           	13A6	0000	5
		_i2c1_driver_setI2cISR		CODE           	1304	0000	11
		_mssp1_IRQisEnabled		CODE           	11F2	0000	17

mcc_generated_files/i2c1_driver.c estimated size: 175

main.c
		_printString   		CODE           	0BCC	0000	97
		_main          		CODE           	0B6A	0000	99

main.c estimated size: 196

accelerometer.c
		_write_register		CODE           	0FA2	0000	51
		_ACCELEROMETER_Initialize		CODE           	0A98	0000	109
		_read_xyzvalues		CODE           	0888	0000	147
		_read_register 		CODE           	0FD4	0000	47

accelerometer.c estimated size: 354

